../Core/Src/ft5336.c:166:6:ft5336_Reset	0	static
../Core/Src/ft5336.c:412:9:ft5336_TS_ITStatus	0	static
../Core/Src/ft5336.c:227:9:ft5336_TS_DetectTouch	16	static
../Core/Src/ft5336.c:259:6:ft5336_TS_GetXY	48	static
../Core/Src/ft5336.c:150:6:ft5336_Init	8	static
../Core/Src/ft5336.c:380:6:ft5336_TS_EnableIT	0	static
../Core/Src/ft5336.c:395:6:ft5336_TS_DisableIT	0	static
../Core/Src/ft5336.c:210:6:ft5336_TS_Start	0	static
../Core/Src/ft5336.c:425:6:ft5336_TS_ClearIT	0	static
../Core/Src/ft5336.c:178:10:ft5336_ReadID	24	static
../Core/Src/ft5336.c:139:9:FT5336_ReadByte	0	static
../Core/Src/ft5336.c:440:6:ft5336_TS_GetGestureID	16	static
../Core/Src/ft5336.c:464:6:ft5336_TS_GetTouchInfo	32	static
