../Drivers/lvgl/src/draw/sw/../../misc/lv_color.h:374:24:lv_color_to32	8	static
../Drivers/lvgl/src/draw/sw/lv_draw_sw_gradient.c:109:17:find_oldest_item_life	0	static
../Drivers/lvgl/src/draw/sw/lv_draw_sw_gradient.c:150:17:find_item	0	static
../Drivers/lvgl/src/draw/sw/lv_draw_sw_gradient.c:96:17:iterate_cache	40	static
../Drivers/lvgl/src/draw/sw/lv_draw_sw_gradient.c:139:17:kill_oldest_item	32	static
../Drivers/lvgl/src/draw/sw/lv_draw_sw_gradient.c:233:6:lv_gradient_free_cache	8	static
../Drivers/lvgl/src/draw/sw/lv_draw_sw_gradient.c:240:6:lv_gradient_set_cache_size	16	static
../Drivers/lvgl/src/draw/sw/lv_draw_sw_gradient.c:294:39:lv_gradient_calculate	24	static
../Drivers/lvgl/src/draw/sw/lv_draw_sw_gradient.c:249:13:lv_gradient_get	56	static
../Drivers/lvgl/src/draw/sw/lv_draw_sw_gradient.c:339:6:lv_gradient_cleanup	0	static
