Archive member included to satisfy reference by file (symbol)

/home/rif/st/stm32cubeide_1.12.0/plugins/com.st.stm32cube.ide.mcu.externaltools.gnu-tools-for-stm32.10.3-2021.10.linux64_1.0.200.202301161003/tools/bin/../lib/gcc/arm-none-eabi/10.3.1/../../../../arm-none-eabi/lib/thumb/v7e-m+fp/hard/libstdc++_nano.a(del_ops.o)
                              ./Core/Src/ButtonManager.o (operator delete(void*, unsigned int))
/home/rif/st/stm32cubeide_1.12.0/plugins/com.st.stm32cube.ide.mcu.externaltools.gnu-tools-for-stm32.10.3-2021.10.linux64_1.0.200.202301161003/tools/bin/../lib/gcc/arm-none-eabi/10.3.1/../../../../arm-none-eabi/lib/thumb/v7e-m+fp/hard/libstdc++_nano.a(guard.o)
                              ./Core/Src/ButtonManager.o (__cxa_guard_acquire)
/home/rif/st/stm32cubeide_1.12.0/plugins/com.st.stm32cube.ide.mcu.externaltools.gnu-tools-for-stm32.10.3-2021.10.linux64_1.0.200.202301161003/tools/bin/../lib/gcc/arm-none-eabi/10.3.1/../../../../arm-none-eabi/lib/thumb/v7e-m+fp/hard/libstdc++_nano.a(new_op.o)
                              ./Core/Src/ButtonManager.o (operator new(unsigned int))
/home/rif/st/stm32cubeide_1.12.0/plugins/com.st.stm32cube.ide.mcu.externaltools.gnu-tools-for-stm32.10.3-2021.10.linux64_1.0.200.202301161003/tools/bin/../lib/gcc/arm-none-eabi/10.3.1/../../../../arm-none-eabi/lib/thumb/v7e-m+fp/hard/libstdc++_nano.a(del_op.o)
                              /home/rif/st/stm32cubeide_1.12.0/plugins/com.st.stm32cube.ide.mcu.externaltools.gnu-tools-for-stm32.10.3-2021.10.linux64_1.0.200.202301161003/tools/bin/../lib/gcc/arm-none-eabi/10.3.1/../../../../arm-none-eabi/lib/thumb/v7e-m+fp/hard/libstdc++_nano.a(del_ops.o) (operator delete(void*))
/home/rif/st/stm32cubeide_1.12.0/plugins/com.st.stm32cube.ide.mcu.externaltools.gnu-tools-for-stm32.10.3-2021.10.linux64_1.0.200.202301161003/tools/bin/../lib/gcc/arm-none-eabi/10.3.1/../../../../arm-none-eabi/lib/thumb/v7e-m+fp/hard/libstdc++_nano.a(new_handler.o)
                              /home/rif/st/stm32cubeide_1.12.0/plugins/com.st.stm32cube.ide.mcu.externaltools.gnu-tools-for-stm32.10.3-2021.10.linux64_1.0.200.202301161003/tools/bin/../lib/gcc/arm-none-eabi/10.3.1/../../../../arm-none-eabi/lib/thumb/v7e-m+fp/hard/libstdc++_nano.a(new_op.o) (std::get_new_handler())
/home/rif/st/stm32cubeide_1.12.0/plugins/com.st.stm32cube.ide.mcu.externaltools.gnu-tools-for-stm32.10.3-2021.10.linux64_1.0.200.202301161003/tools/bin/../lib/gcc/arm-none-eabi/10.3.1/../../../../arm-none-eabi/lib/thumb/v7e-m+fp/hard/libc_nano.a(lib_a-abort.o)
                              /home/rif/st/stm32cubeide_1.12.0/plugins/com.st.stm32cube.ide.mcu.externaltools.gnu-tools-for-stm32.10.3-2021.10.linux64_1.0.200.202301161003/tools/bin/../lib/gcc/arm-none-eabi/10.3.1/../../../../arm-none-eabi/lib/thumb/v7e-m+fp/hard/libstdc++_nano.a(new_op.o) (abort)
/home/rif/st/stm32cubeide_1.12.0/plugins/com.st.stm32cube.ide.mcu.externaltools.gnu-tools-for-stm32.10.3-2021.10.linux64_1.0.200.202301161003/tools/bin/../lib/gcc/arm-none-eabi/10.3.1/../../../../arm-none-eabi/lib/thumb/v7e-m+fp/hard/libc_nano.a(lib_a-atexit.o)
                              ./Core/Src/ButtonManager.o (atexit)
/home/rif/st/stm32cubeide_1.12.0/plugins/com.st.stm32cube.ide.mcu.externaltools.gnu-tools-for-stm32.10.3-2021.10.linux64_1.0.200.202301161003/tools/bin/../lib/gcc/arm-none-eabi/10.3.1/../../../../arm-none-eabi/lib/thumb/v7e-m+fp/hard/libc_nano.a(lib_a-errno.o)
                              ./Core/Src/syscalls.o (__errno)
/home/rif/st/stm32cubeide_1.12.0/plugins/com.st.stm32cube.ide.mcu.externaltools.gnu-tools-for-stm32.10.3-2021.10.linux64_1.0.200.202301161003/tools/bin/../lib/gcc/arm-none-eabi/10.3.1/../../../../arm-none-eabi/lib/thumb/v7e-m+fp/hard/libc_nano.a(lib_a-exit.o)
                              /home/rif/st/stm32cubeide_1.12.0/plugins/com.st.stm32cube.ide.mcu.externaltools.gnu-tools-for-stm32.10.3-2021.10.linux64_1.0.200.202301161003/tools/bin/../lib/gcc/arm-none-eabi/10.3.1/../../../../arm-none-eabi/lib/thumb/v7e-m+fp/hard/crt0.o (exit)
/home/rif/st/stm32cubeide_1.12.0/plugins/com.st.stm32cube.ide.mcu.externaltools.gnu-tools-for-stm32.10.3-2021.10.linux64_1.0.200.202301161003/tools/bin/../lib/gcc/arm-none-eabi/10.3.1/../../../../arm-none-eabi/lib/thumb/v7e-m+fp/hard/libc_nano.a(lib_a-impure.o)
                              /home/rif/st/stm32cubeide_1.12.0/plugins/com.st.stm32cube.ide.mcu.externaltools.gnu-tools-for-stm32.10.3-2021.10.linux64_1.0.200.202301161003/tools/bin/../lib/gcc/arm-none-eabi/10.3.1/../../../../arm-none-eabi/lib/thumb/v7e-m+fp/hard/libc_nano.a(lib_a-exit.o) (_global_impure_ptr)
/home/rif/st/stm32cubeide_1.12.0/plugins/com.st.stm32cube.ide.mcu.externaltools.gnu-tools-for-stm32.10.3-2021.10.linux64_1.0.200.202301161003/tools/bin/../lib/gcc/arm-none-eabi/10.3.1/../../../../arm-none-eabi/lib/thumb/v7e-m+fp/hard/libc_nano.a(lib_a-init.o)
[...]
Memory Configuration

Name             Origin             Length             Attributes
RAM              0x0000000020000000 0x0000000000050000 xrw
FLASH            0x0000000008000000 0x0000000000100000 xr
*default*        0x0000000000000000 0xffffffffffffffff

Linker script and memory map

LOAD /home/rif/st/stm32cubeide_1.12.0/plugins/com.st.stm32cube.ide.mcu.externaltools.gnu-tools-for-stm32.10.3-2021.10.linux64_1.0.200.202301161003/tools/bin/../lib/gcc/arm-none-eabi/10.3.1/thumb/v7e-m+fp/hard/crti.o
LOAD /home/rif/st/stm32cubeide_1.12.0/plugins/com.st.stm32cube.ide.mcu.externaltools.gnu-tools-for-stm32.10.3-2021.10.linux64_1.0.200.202301161003/tools/bin/../lib/gcc/arm-none-eabi/10.3.1/thumb/v7e-m+fp/hard/crtbegin.o
LOAD /home/rif/st/stm32cubeide_1.12.0/plugins/com.st.stm32cube.ide.mcu.externaltools.gnu-tools-for-stm32.10.3-2021.10.linux64_1.0.200.202301161003/tools/bin/../lib/gcc/arm-none-eabi/10.3.1/../../../../arm-none-eabi/lib/thumb/v7e-m+fp/hard/crt0.o
LOAD ./Core/Src/ButtonManager.o
LOAD ./Core/Src/CreateButton.o
LOAD ./Core/Src/StateMachine.o
LOAD ./Core/Src/ft5336.o
LOAD ./Core/Src/lv_port_disp.o
LOAD ./Core/Src/lv_port_indev.o
LOAD ./Core/Src/main.o
LOAD ./Core/Src/stm32f7xx_hal_msp.o
LOAD ./Core/Src/stm32f7xx_it.o
LOAD ./Core/Src/syscalls.o
LOAD ./Core/Src/sysmem.o
LOAD ./Core/Src/system_stm32f7xx.o
LOAD ./Core/Startup/startup_stm32f746nghx.o
LOAD ./Drivers/BSP/STM32746G-Discovery/stm32746g_discovery.o
LOAD ./Drivers/BSP/STM32746G-Discovery/stm32746g_discovery_ts.o
LOAD ./Drivers/STM32F7xx_HAL_Driver/Src/stm32f7xx_hal.o
LOAD ./Drivers/STM32F7xx_HAL_Driver/Src/stm32f7xx_hal_cortex.o
LOAD ./Drivers/STM32F7xx_HAL_Driver/Src/stm32f7xx_hal_dma.o
LOAD ./Drivers/STM32F7xx_HAL_Driver/Src/stm32f7xx_hal_dma_ex.o
LOAD ./Drivers/STM32F7xx_HAL_Driver/Src/stm32f7xx_hal_dsi.o
LOAD ./Drivers/STM32F7xx_HAL_Driver/Src/stm32f7xx_hal_exti.o
LOAD ./Drivers/STM32F7xx_HAL_Driver/Src/stm32f7xx_hal_flash.o
LOAD ./Drivers/STM32F7xx_HAL_Driver/Src/stm32f7xx_hal_flash_ex.o
LOAD ./Drivers/STM32F7xx_HAL_Driver/Src/stm32f7xx_hal_gpio.o
LOAD ./Drivers/STM32F7xx_HAL_Driver/Src/stm32f7xx_hal_i2c.o
LOAD ./Drivers/STM32F7xx_HAL_Driver/Src/stm32f7xx_hal_i2c_ex.o
LOAD ./Drivers/STM32F7xx_HAL_Driver/Src/stm32f7xx_hal_ltdc.o
LOAD ./Drivers/STM32F7xx_HAL_Driver/Src/stm32f7xx_hal_ltdc_ex.o
LOAD ./Drivers/STM32F7xx_HAL_Driver/Src/stm32f7xx_hal_pwr.o
LOAD ./Drivers/STM32F7xx_HAL_Driver/Src/stm32f7xx_hal_pwr_ex.o
LOAD ./Drivers/STM32F7xx_HAL_Driver/Src/stm32f7xx_hal_rcc.o
LOAD ./Drivers/STM32F7xx_HAL_Driver/Src/stm32f7xx_hal_rcc_ex.o
LOAD ./Drivers/STM32F7xx_HAL_Driver/Src/stm32f7xx_hal_rng.o
LOAD ./Drivers/STM32F7xx_HAL_Driver/Src/stm32f7xx_hal_tim.o
LOAD ./Drivers/STM32F7xx_HAL_Driver/Src/stm32f7xx_hal_tim_ex.o
LOAD ./Drivers/STM32F7xx_HAL_Driver/Src/stm32f7xx_hal_uart.o
LOAD ./Drivers/STM32F7xx_HAL_Driver/Src/stm32f7xx_hal_uart_ex.o
LOAD ./Drivers/lvgl/demos/benchmark/assets/img_benchmark_cogwheel_alpha16.o
LOAD ./Drivers/lvgl/demos/benchmark/assets/img_benchmark_cogwheel_argb.o
LOAD ./Drivers/lvgl/demos/benchmark/assets/img_benchmark_cogwheel_chroma_keyed.o
LOAD ./Drivers/lvgl/demos/benchmark/assets/img_benchmark_cogwheel_indexed16.o
LOAD ./Drivers/lvgl/demos/benchmark/assets/img_benchmark_cogwheel_rgb.o
LOAD ./Drivers/lvgl/demos/benchmark/assets/img_benchmark_cogwheel_rgb565a8.o
LOAD ./Drivers/lvgl/demos/benchmark/assets/lv_font_bechmark_montserrat_12_compr_az.c.o
LOAD ./Drivers/lvgl/demos/benchmark/assets/lv_font_bechmark_montserrat_16_compr_az.c.o
LOAD ./Drivers/lvgl/demos/benchmark/assets/lv_font_bechmark_montserrat_28_compr_az.c.o
LOAD ./Drivers/lvgl/demos/benchmark/lv_demo_benchmark.o
LOAD ./Drivers/lvgl/demos/keypad_encoder/lv_demo_keypad_encoder.o
LOAD ./Drivers/lvgl/demos/music/assets/img_lv_demo_music_btn_corner_large.o
LOAD ./Drivers/lvgl/demos/music/assets/img_lv_demo_music_btn_list_pause.o
LOAD ./Drivers/lvgl/demos/music/assets/img_lv_demo_music_btn_list_pause_large.o
LOAD ./Drivers/lvgl/demos/music/assets/img_lv_demo_music_btn_list_play.o
LOAD ./Drivers/lvgl/demos/music/assets/img_lv_demo_music_btn_list_play_large.o
LOAD ./Drivers/lvgl/demos/music/assets/img_lv_demo_music_btn_loop.o
LOAD ./Drivers/lvgl/demos/music/assets/img_lv_demo_music_btn_loop_large.o
LOAD ./Drivers/lvgl/demos/music/assets/img_lv_demo_music_btn_next.o
LOAD ./Drivers/lvgl/demos/music/assets/img_lv_demo_music_btn_next_large.o
LOAD ./Drivers/lvgl/demos/music/assets/img_lv_demo_music_btn_pause.o
LOAD ./Drivers/lvgl/demos/music/assets/img_lv_demo_music_btn_pause_large.o
LOAD ./Drivers/lvgl/demos/music/assets/img_lv_demo_music_btn_play.o
LOAD ./Drivers/lvgl/demos/music/assets/img_lv_demo_music_btn_play_large.o
LOAD ./Drivers/lvgl/demos/music/assets/img_lv_demo_music_btn_prev.o
LOAD ./Drivers/lvgl/demos/music/assets/img_lv_demo_music_btn_prev_large.o
LOAD ./Drivers/lvgl/demos/music/assets/img_lv_demo_music_btn_rnd.o
LOAD ./Drivers/lvgl/demos/music/assets/img_lv_demo_music_btn_rnd_large.o
LOAD ./Drivers/lvgl/demos/music/assets/img_lv_demo_music_corner_left.o
LOAD ./Drivers/lvgl/demos/music/assets/img_lv_demo_music_corner_left_large.o
LOAD ./Drivers/lvgl/demos/music/assets/img_lv_demo_music_corner_right.o
LOAD ./Drivers/lvgl/demos/music/assets/img_lv_demo_music_corner_right_large.o
LOAD ./Drivers/lvgl/demos/music/assets/img_lv_demo_music_cover_1.o
LOAD ./Drivers/lvgl/demos/music/assets/img_lv_demo_music_cover_1_large.o
LOAD ./Drivers/lvgl/demos/music/assets/img_lv_demo_music_cover_2.o
LOAD ./Drivers/lvgl/demos/music/assets/img_lv_demo_music_cover_2_large.o
LOAD ./Drivers/lvgl/demos/music/assets/img_lv_demo_music_cover_3.o
LOAD ./Drivers/lvgl/demos/music/assets/img_lv_demo_music_cover_3_large.o
LOAD ./Drivers/lvgl/demos/music/assets/img_lv_demo_music_icon_1.o
LOAD ./Drivers/lvgl/demos/music/assets/img_lv_demo_music_icon_1_large.o
LOAD ./Drivers/lvgl/demos/music/assets/img_lv_demo_music_icon_2.o
LOAD ./Drivers/lvgl/demos/music/assets/img_lv_demo_music_icon_2_large.o
LOAD ./Drivers/lvgl/demos/music/assets/img_lv_demo_music_icon_3.o
LOAD ./Drivers/lvgl/demos/music/assets/img_lv_demo_music_icon_3_large.o
LOAD ./Drivers/lvgl/demos/music/assets/img_lv_demo_music_icon_4.o
LOAD ./Drivers/lvgl/demos/music/assets/img_lv_demo_music_icon_4_large.o
LOAD ./Drivers/lvgl/demos/music/assets/img_lv_demo_music_list_border.o
LOAD ./Drivers/lvgl/demos/music/assets/img_lv_demo_music_list_border_large.o
LOAD ./Drivers/lvgl/demos/music/assets/img_lv_demo_music_logo.o
LOAD ./Drivers/lvgl/demos/music/assets/img_lv_demo_music_slider_knob.o
LOAD ./Drivers/lvgl/demos/music/assets/img_lv_demo_music_slider_knob_large.o
LOAD ./Drivers/lvgl/demos/music/assets/img_lv_demo_music_wave_bottom.o
LOAD ./Drivers/lvgl/demos/music/assets/img_lv_demo_music_wave_bottom_large.o
LOAD ./Drivers/lvgl/demos/music/assets/img_lv_demo_music_wave_top.o
LOAD ./Drivers/lvgl/demos/music/assets/img_lv_demo_music_wave_top_large.o
LOAD ./Drivers/lvgl/demos/music/lv_demo_music.o
LOAD ./Drivers/lvgl/demos/music/lv_demo_music_list.o
LOAD ./Drivers/lvgl/demos/music/lv_demo_music_main.o
LOAD ./Drivers/lvgl/demos/stress/lv_demo_stress.o
LOAD ./Drivers/lvgl/demos/widgets/assets/img_clothes.o
LOAD ./Drivers/lvgl/demos/widgets/assets/img_demo_widgets_avatar.o
LOAD ./Drivers/lvgl/demos/widgets/assets/img_lvgl_logo.o
LOAD ./Drivers/lvgl/demos/widgets/lv_demo_widgets.o
LOAD ./Drivers/lvgl/env_support/rt-thread/lv_rt_thread_port.o
LOAD ./Drivers/lvgl/env_support/rt-thread/squareline/lv_ui_entry.o
LOAD ./Drivers/lvgl/examples/anim/lv_example_anim_1.o
LOAD ./Drivers/lvgl/examples/anim/lv_example_anim_2.o
LOAD ./Drivers/lvgl/examples/anim/lv_example_anim_3.o
LOAD ./Drivers/lvgl/examples/anim/lv_example_anim_timeline_1.o
LOAD ./Drivers/lvgl/examples/assets/animimg001.o
LOAD ./Drivers/lvgl/examples/assets/animimg002.o
LOAD ./Drivers/lvgl/examples/assets/animimg003.o
LOAD ./Drivers/lvgl/examples/assets/img_caret_down.o
LOAD ./Drivers/lvgl/examples/assets/img_cogwheel_alpha16.o
LOAD ./Drivers/lvgl/examples/assets/img_cogwheel_argb.o
LOAD ./Drivers/lvgl/examples/assets/img_cogwheel_chroma_keyed.o
LOAD ./Drivers/lvgl/examples/assets/img_cogwheel_indexed16.o
LOAD ./Drivers/lvgl/examples/assets/img_cogwheel_rgb.o
LOAD ./Drivers/lvgl/examples/assets/img_hand.o
LOAD ./Drivers/lvgl/examples/assets/img_skew_strip.o
LOAD ./Drivers/lvgl/examples/assets/img_star.o
LOAD ./Drivers/lvgl/examples/assets/imgbtn_left.o
LOAD ./Drivers/lvgl/examples/assets/imgbtn_mid.o
LOAD ./Drivers/lvgl/examples/assets/imgbtn_right.o
LOAD ./Drivers/lvgl/examples/assets/emoji/img_emoji_F617.o
LOAD ./Drivers/lvgl/examples/event/lv_example_event_1.o
LOAD ./Drivers/lvgl/examples/event/lv_example_event_2.o
LOAD ./Drivers/lvgl/examples/event/lv_example_event_3.o
LOAD ./Drivers/lvgl/examples/event/lv_example_event_4.o
LOAD ./Drivers/lvgl/examples/get_started/lv_example_get_started_1.o
LOAD ./Drivers/lvgl/examples/get_started/lv_example_get_started_2.o
LOAD ./Drivers/lvgl/examples/get_started/lv_example_get_started_3.o
LOAD ./Drivers/lvgl/examples/layouts/flex/lv_example_flex_1.o
LOAD ./Drivers/lvgl/examples/layouts/flex/lv_example_flex_2.o
LOAD ./Drivers/lvgl/examples/layouts/flex/lv_example_flex_3.o
LOAD ./Drivers/lvgl/examples/layouts/flex/lv_example_flex_4.o
LOAD ./Drivers/lvgl/examples/layouts/flex/lv_example_flex_5.o
LOAD ./Drivers/lvgl/examples/layouts/flex/lv_example_flex_6.o
LOAD ./Drivers/lvgl/examples/layouts/grid/lv_example_grid_1.o
LOAD ./Drivers/lvgl/examples/layouts/grid/lv_example_grid_2.o
LOAD ./Drivers/lvgl/examples/layouts/grid/lv_example_grid_3.o
LOAD ./Drivers/lvgl/examples/layouts/grid/lv_example_grid_4.o
LOAD ./Drivers/lvgl/examples/layouts/grid/lv_example_grid_5.o
LOAD ./Drivers/lvgl/examples/layouts/grid/lv_example_grid_6.o
LOAD ./Drivers/lvgl/examples/libs/bmp/lv_example_bmp_1.o
LOAD ./Drivers/lvgl/examples/libs/ffmpeg/lv_example_ffmpeg_1.o
LOAD ./Drivers/lvgl/examples/libs/ffmpeg/lv_example_ffmpeg_2.o
LOAD ./Drivers/lvgl/examples/libs/freetype/lv_example_freetype_1.o
LOAD ./Drivers/lvgl/examples/libs/gif/img_bulb_gif.o
LOAD ./Drivers/lvgl/examples/libs/gif/lv_example_gif_1.o
LOAD ./Drivers/lvgl/examples/libs/png/img_wink_png.o
LOAD ./Drivers/lvgl/examples/libs/png/lv_example_png_1.o
LOAD ./Drivers/lvgl/examples/libs/qrcode/lv_example_qrcode_1.o
LOAD ./Drivers/lvgl/examples/libs/rlottie/lv_example_rlottie_1.o
LOAD ./Drivers/lvgl/examples/libs/rlottie/lv_example_rlottie_2.o
LOAD ./Drivers/lvgl/examples/libs/rlottie/lv_example_rlottie_approve.o
LOAD ./Drivers/lvgl/examples/libs/sjpg/lv_example_sjpg_1.o
LOAD ./Drivers/lvgl/examples/others/fragment/lv_example_fragment_1.o
LOAD ./Drivers/lvgl/examples/others/fragment/lv_example_fragment_2.o
LOAD ./Drivers/lvgl/examples/others/gridnav/lv_example_gridnav_1.o
LOAD ./Drivers/lvgl/examples/others/gridnav/lv_example_gridnav_2.o
LOAD ./Drivers/lvgl/examples/others/gridnav/lv_example_gridnav_3.o
LOAD ./Drivers/lvgl/examples/others/gridnav/lv_example_gridnav_4.o
LOAD ./Drivers/lvgl/examples/others/ime/lv_example_ime_pinyin_1.o
LOAD ./Drivers/lvgl/examples/others/ime/lv_example_ime_pinyin_2.o
LOAD ./Drivers/lvgl/examples/others/imgfont/lv_example_imgfont_1.o
LOAD ./Drivers/lvgl/examples/others/monkey/lv_example_monkey_1.o
LOAD ./Drivers/lvgl/examples/others/monkey/lv_example_monkey_2.o
LOAD ./Drivers/lvgl/examples/others/monkey/lv_example_monkey_3.o
LOAD ./Drivers/lvgl/examples/others/msg/lv_example_msg_1.o
LOAD ./Drivers/lvgl/examples/others/msg/lv_example_msg_2.o
LOAD ./Drivers/lvgl/examples/others/msg/lv_example_msg_3.o
LOAD ./Drivers/lvgl/examples/others/snapshot/lv_example_snapshot_1.o
LOAD ./Drivers/lvgl/examples/porting/lv_port_disp_template.o
LOAD ./Drivers/lvgl/examples/porting/lv_port_fs_template.o
LOAD ./Drivers/lvgl/examples/scroll/lv_example_scroll_1.o
LOAD ./Drivers/lvgl/examples/scroll/lv_example_scroll_2.o
LOAD ./Drivers/lvgl/examples/scroll/lv_example_scroll_3.o
LOAD ./Drivers/lvgl/examples/scroll/lv_example_scroll_4.o
LOAD ./Drivers/lvgl/examples/scroll/lv_example_scroll_5.o
LOAD ./Drivers/lvgl/examples/scroll/lv_example_scroll_6.o
LOAD ./Drivers/lvgl/examples/styles/lv_example_style_1.o
LOAD ./Drivers/lvgl/examples/styles/lv_example_style_10.o
LOAD ./Drivers/lvgl/examples/styles/lv_example_style_11.o
LOAD ./Drivers/lvgl/examples/styles/lv_example_style_12.o
LOAD ./Drivers/lvgl/examples/styles/lv_example_style_13.o
LOAD ./Drivers/lvgl/examples/styles/lv_example_style_14.o
LOAD ./Drivers/lvgl/examples/styles/lv_example_style_15.o
LOAD ./Drivers/lvgl/examples/styles/lv_example_style_2.o
LOAD ./Drivers/lvgl/examples/styles/lv_example_style_3.o
LOAD ./Drivers/lvgl/examples/styles/lv_example_style_4.o
LOAD ./Drivers/lvgl/examples/styles/lv_example_style_5.o
LOAD ./Drivers/lvgl/examples/styles/lv_example_style_6.o
LOAD ./Drivers/lvgl/examples/styles/lv_example_style_7.o
LOAD ./Drivers/lvgl/examples/styles/lv_example_style_8.o
LOAD ./Drivers/lvgl/examples/styles/lv_example_style_9.o
LOAD ./Drivers/lvgl/examples/widgets/animimg/lv_example_animimg_1.o
LOAD ./Drivers/lvgl/examples/widgets/arc/lv_example_arc_1.o
LOAD ./Drivers/lvgl/examples/widgets/arc/lv_example_arc_2.o
LOAD ./Drivers/lvgl/examples/widgets/bar/lv_example_bar_1.o
LOAD ./Drivers/lvgl/examples/widgets/bar/lv_example_bar_2.o
LOAD ./Drivers/lvgl/examples/widgets/bar/lv_example_bar_3.o
LOAD ./Drivers/lvgl/examples/widgets/bar/lv_example_bar_4.o
LOAD ./Drivers/lvgl/examples/widgets/bar/lv_example_bar_5.o
LOAD ./Drivers/lvgl/examples/widgets/bar/lv_example_bar_6.o
LOAD ./Drivers/lvgl/examples/widgets/btn/lv_example_btn_1.o
LOAD ./Drivers/lvgl/examples/widgets/btn/lv_example_btn_2.o
LOAD ./Drivers/lvgl/examples/widgets/btn/lv_example_btn_3.o
LOAD ./Drivers/lvgl/examples/widgets/btnmatrix/lv_example_btnmatrix_1.o
LOAD ./Drivers/lvgl/examples/widgets/btnmatrix/lv_example_btnmatrix_2.o
LOAD ./Drivers/lvgl/examples/widgets/btnmatrix/lv_example_btnmatrix_3.o
LOAD ./Drivers/lvgl/examples/widgets/calendar/lv_example_calendar_1.o
LOAD ./Drivers/lvgl/examples/widgets/canvas/lv_example_canvas_1.o
LOAD ./Drivers/lvgl/examples/widgets/canvas/lv_example_canvas_2.o
LOAD ./Drivers/lvgl/examples/widgets/chart/lv_example_chart_1.o
LOAD ./Drivers/lvgl/examples/widgets/chart/lv_example_chart_2.o
LOAD ./Drivers/lvgl/examples/widgets/chart/lv_example_chart_3.o
LOAD ./Drivers/lvgl/examples/widgets/chart/lv_example_chart_4.o
LOAD ./Drivers/lvgl/examples/widgets/chart/lv_example_chart_5.o
LOAD ./Drivers/lvgl/examples/widgets/chart/lv_example_chart_6.o
LOAD ./Drivers/lvgl/examples/widgets/chart/lv_example_chart_7.o
LOAD ./Drivers/lvgl/examples/widgets/chart/lv_example_chart_8.o
LOAD ./Drivers/lvgl/examples/widgets/chart/lv_example_chart_9.o
LOAD ./Drivers/lvgl/examples/widgets/checkbox/lv_example_checkbox_1.o
LOAD ./Drivers/lvgl/examples/widgets/checkbox/lv_example_checkbox_2.o
LOAD ./Drivers/lvgl/examples/widgets/colorwheel/lv_example_colorwheel_1.o
LOAD ./Drivers/lvgl/examples/widgets/dropdown/lv_example_dropdown_1.o
LOAD ./Drivers/lvgl/examples/widgets/dropdown/lv_example_dropdown_2.o
LOAD ./Drivers/lvgl/examples/widgets/dropdown/lv_example_dropdown_3.o
LOAD ./Drivers/lvgl/examples/widgets/img/lv_example_img_1.o
LOAD ./Drivers/lvgl/examples/widgets/img/lv_example_img_2.o
LOAD ./Drivers/lvgl/examples/widgets/img/lv_example_img_3.o
LOAD ./Drivers/lvgl/examples/widgets/img/lv_example_img_4.o
LOAD ./Drivers/lvgl/examples/widgets/imgbtn/lv_example_imgbtn_1.o
LOAD ./Drivers/lvgl/examples/widgets/keyboard/lv_example_keyboard_1.o
LOAD ./Drivers/lvgl/examples/widgets/label/lv_example_label_1.o
LOAD ./Drivers/lvgl/examples/widgets/label/lv_example_label_2.o
LOAD ./Drivers/lvgl/examples/widgets/label/lv_example_label_3.o
LOAD ./Drivers/lvgl/examples/widgets/label/lv_example_label_4.o
LOAD ./Drivers/lvgl/examples/widgets/label/lv_example_label_5.o
LOAD ./Drivers/lvgl/examples/widgets/led/lv_example_led_1.o
LOAD ./Drivers/lvgl/examples/widgets/line/lv_example_line_1.o
LOAD ./Drivers/lvgl/examples/widgets/list/lv_example_list_1.o
LOAD ./Drivers/lvgl/examples/widgets/list/lv_example_list_2.o
LOAD ./Drivers/lvgl/examples/widgets/menu/lv_example_menu_1.o
LOAD ./Drivers/lvgl/examples/widgets/menu/lv_example_menu_2.o
LOAD ./Drivers/lvgl/examples/widgets/menu/lv_example_menu_3.o
LOAD ./Drivers/lvgl/examples/widgets/menu/lv_example_menu_4.o
LOAD ./Drivers/lvgl/examples/widgets/menu/lv_example_menu_5.o
LOAD ./Drivers/lvgl/examples/widgets/meter/lv_example_meter_1.o
LOAD ./Drivers/lvgl/examples/widgets/meter/lv_example_meter_2.o
LOAD ./Drivers/lvgl/examples/widgets/meter/lv_example_meter_3.o
LOAD ./Drivers/lvgl/examples/widgets/meter/lv_example_meter_4.o
LOAD ./Drivers/lvgl/examples/widgets/msgbox/lv_example_msgbox_1.o
LOAD ./Drivers/lvgl/examples/widgets/obj/lv_example_obj_1.o
LOAD ./Drivers/lvgl/examples/widgets/obj/lv_example_obj_2.o
LOAD ./Drivers/lvgl/examples/widgets/roller/lv_example_roller_1.o
LOAD ./Drivers/lvgl/examples/widgets/roller/lv_example_roller_2.o
LOAD ./Drivers/lvgl/examples/widgets/roller/lv_example_roller_3.o
LOAD ./Drivers/lvgl/examples/widgets/slider/lv_example_slider_1.o
LOAD ./Drivers/lvgl/examples/widgets/slider/lv_example_slider_2.o
LOAD ./Drivers/lvgl/examples/widgets/slider/lv_example_slider_3.o
LOAD ./Drivers/lvgl/examples/widgets/span/lv_example_span_1.o
LOAD ./Drivers/lvgl/examples/widgets/spinbox/lv_example_spinbox_1.o
LOAD ./Drivers/lvgl/examples/widgets/spinner/lv_example_spinner_1.o
LOAD ./Drivers/lvgl/examples/widgets/switch/lv_example_switch_1.o
LOAD ./Drivers/lvgl/examples/widgets/table/lv_example_table_1.o
LOAD ./Drivers/lvgl/examples/widgets/table/lv_example_table_2.o
LOAD ./Drivers/lvgl/examples/widgets/tabview/lv_example_tabview_1.o
LOAD ./Drivers/lvgl/examples/widgets/tabview/lv_example_tabview_2.o
LOAD ./Drivers/lvgl/examples/widgets/textarea/lv_example_textarea_1.o
LOAD ./Drivers/lvgl/examples/widgets/textarea/lv_example_textarea_2.o
LOAD ./Drivers/lvgl/examples/widgets/textarea/lv_example_textarea_3.o
LOAD ./Drivers/lvgl/examples/widgets/tileview/lv_example_tileview_1.o
LOAD ./Drivers/lvgl/examples/widgets/win/lv_example_win_1.o
LOAD ./Drivers/lvgl/src/core/lv_disp.o
LOAD ./Drivers/lvgl/src/core/lv_event.o
LOAD ./Drivers/lvgl/src/core/lv_group.o
LOAD ./Drivers/lvgl/src/core/lv_indev.o
LOAD ./Drivers/lvgl/src/core/lv_indev_scroll.o
LOAD ./Drivers/lvgl/src/core/lv_obj.o
LOAD ./Drivers/lvgl/src/core/lv_obj_class.o
LOAD ./Drivers/lvgl/src/core/lv_obj_draw.o
LOAD ./Drivers/lvgl/src/core/lv_obj_pos.o
LOAD ./Drivers/lvgl/src/core/lv_obj_scroll.o
LOAD ./Drivers/lvgl/src/core/lv_obj_style.o
LOAD ./Drivers/lvgl/src/core/lv_obj_style_gen.o
LOAD ./Drivers/lvgl/src/core/lv_obj_tree.o
LOAD ./Drivers/lvgl/src/core/lv_refr.o
LOAD ./Drivers/lvgl/src/core/lv_theme.o
LOAD ./Drivers/lvgl/src/draw/arm2d/lv_gpu_arm2d.o
LOAD ./Drivers/lvgl/src/draw/lv_draw.o
LOAD ./Drivers/lvgl/src/draw/lv_draw_arc.o
LOAD ./Drivers/lvgl/src/draw/lv_draw_img.o
LOAD ./Drivers/lvgl/src/draw/lv_draw_label.o
LOAD ./Drivers/lvgl/src/draw/lv_draw_layer.o
LOAD ./Drivers/lvgl/src/draw/lv_draw_line.o
LOAD ./Drivers/lvgl/src/draw/lv_draw_mask.o
LOAD ./Drivers/lvgl/src/draw/lv_draw_rect.o
LOAD ./Drivers/lvgl/src/draw/lv_draw_transform.o
LOAD ./Drivers/lvgl/src/draw/lv_draw_triangle.o
LOAD ./Drivers/lvgl/src/draw/lv_img_buf.o
LOAD ./Drivers/lvgl/src/draw/lv_img_cache.o
LOAD ./Drivers/lvgl/src/draw/lv_img_decoder.o
LOAD ./Drivers/lvgl/src/draw/nxp/pxp/lv_draw_pxp.o
LOAD ./Drivers/lvgl/src/draw/nxp/pxp/lv_draw_pxp_blend.o
LOAD ./Drivers/lvgl/src/draw/nxp/pxp/lv_gpu_nxp_pxp.o
LOAD ./Drivers/lvgl/src/draw/nxp/pxp/lv_gpu_nxp_pxp_osa.o
LOAD ./Drivers/lvgl/src/draw/nxp/vglite/lv_draw_vglite.o
LOAD ./Drivers/lvgl/src/draw/nxp/vglite/lv_draw_vglite_arc.o
LOAD ./Drivers/lvgl/src/draw/nxp/vglite/lv_draw_vglite_blend.o
LOAD ./Drivers/lvgl/src/draw/nxp/vglite/lv_draw_vglite_line.o
LOAD ./Drivers/lvgl/src/draw/nxp/vglite/lv_draw_vglite_rect.o
LOAD ./Drivers/lvgl/src/draw/nxp/vglite/lv_vglite_buf.o
LOAD ./Drivers/lvgl/src/draw/nxp/vglite/lv_vglite_utils.o
LOAD ./Drivers/lvgl/src/draw/renesas/lv_gpu_d2_draw_label.o
LOAD ./Drivers/lvgl/src/draw/renesas/lv_gpu_d2_ra6m3.o
LOAD ./Drivers/lvgl/src/draw/sdl/lv_draw_sdl.o
LOAD ./Drivers/lvgl/src/draw/sdl/lv_draw_sdl_arc.o
LOAD ./Drivers/lvgl/src/draw/sdl/lv_draw_sdl_bg.o
LOAD ./Drivers/lvgl/src/draw/sdl/lv_draw_sdl_composite.o
LOAD ./Drivers/lvgl/src/draw/sdl/lv_draw_sdl_img.o
LOAD ./Drivers/lvgl/src/draw/sdl/lv_draw_sdl_label.o
LOAD ./Drivers/lvgl/src/draw/sdl/lv_draw_sdl_layer.o
LOAD ./Drivers/lvgl/src/draw/sdl/lv_draw_sdl_line.o
LOAD ./Drivers/lvgl/src/draw/sdl/lv_draw_sdl_mask.o
LOAD ./Drivers/lvgl/src/draw/sdl/lv_draw_sdl_polygon.o
LOAD ./Drivers/lvgl/src/draw/sdl/lv_draw_sdl_rect.o
LOAD ./Drivers/lvgl/src/draw/sdl/lv_draw_sdl_stack_blur.o
LOAD ./Drivers/lvgl/src/draw/sdl/lv_draw_sdl_texture_cache.o
LOAD ./Drivers/lvgl/src/draw/sdl/lv_draw_sdl_utils.o
LOAD ./Drivers/lvgl/src/draw/stm32_dma2d/lv_gpu_stm32_dma2d.o
LOAD ./Drivers/lvgl/src/draw/sw/lv_draw_sw.o
LOAD ./Drivers/lvgl/src/draw/sw/lv_draw_sw_arc.o
LOAD ./Drivers/lvgl/src/draw/sw/lv_draw_sw_blend.o
LOAD ./Drivers/lvgl/src/draw/sw/lv_draw_sw_dither.o
LOAD ./Drivers/lvgl/src/draw/sw/lv_draw_sw_gradient.o
LOAD ./Drivers/lvgl/src/draw/sw/lv_draw_sw_img.o
LOAD ./Drivers/lvgl/src/draw/sw/lv_draw_sw_layer.o
LOAD ./Drivers/lvgl/src/draw/sw/lv_draw_sw_letter.o
LOAD ./Drivers/lvgl/src/draw/sw/lv_draw_sw_line.o
LOAD ./Drivers/lvgl/src/draw/sw/lv_draw_sw_polygon.o
LOAD ./Drivers/lvgl/src/draw/sw/lv_draw_sw_rect.o
LOAD ./Drivers/lvgl/src/draw/sw/lv_draw_sw_transform.o
LOAD ./Drivers/lvgl/src/draw/swm341_dma2d/lv_gpu_swm341_dma2d.o
LOAD ./Drivers/lvgl/src/extra/layouts/flex/lv_flex.o
LOAD ./Drivers/lvgl/src/extra/layouts/grid/lv_grid.o
LOAD ./Drivers/lvgl/src/extra/libs/bmp/lv_bmp.o
LOAD ./Drivers/lvgl/src/extra/libs/ffmpeg/lv_ffmpeg.o
LOAD ./Drivers/lvgl/src/extra/libs/freetype/lv_freetype.o
LOAD ./Drivers/lvgl/src/extra/libs/fsdrv/lv_fs_fatfs.o
LOAD ./Drivers/lvgl/src/extra/libs/fsdrv/lv_fs_littlefs.o
LOAD ./Drivers/lvgl/src/extra/libs/fsdrv/lv_fs_posix.o
LOAD ./Drivers/lvgl/src/extra/libs/fsdrv/lv_fs_stdio.o
LOAD ./Drivers/lvgl/src/extra/libs/fsdrv/lv_fs_win32.o
LOAD ./Drivers/lvgl/src/extra/libs/gif/gifdec.o
LOAD ./Drivers/lvgl/src/extra/libs/gif/lv_gif.o
LOAD ./Drivers/lvgl/src/extra/libs/png/lodepng.o
LOAD ./Drivers/lvgl/src/extra/libs/png/lv_png.o
LOAD ./Drivers/lvgl/src/extra/libs/qrcode/lv_qrcode.o
LOAD ./Drivers/lvgl/src/extra/libs/qrcode/qrcodegen.o
LOAD ./Drivers/lvgl/src/extra/libs/rlottie/lv_rlottie.o
LOAD ./Drivers/lvgl/src/extra/libs/sjpg/lv_sjpg.o
LOAD ./Drivers/lvgl/src/extra/libs/sjpg/tjpgd.o
LOAD ./Drivers/lvgl/src/extra/libs/tiny_ttf/lv_tiny_ttf.o
LOAD ./Drivers/lvgl/src/extra/lv_extra.o
LOAD ./Drivers/lvgl/src/extra/others/fragment/lv_fragment.o
LOAD ./Drivers/lvgl/src/extra/others/fragment/lv_fragment_manager.o
LOAD ./Drivers/lvgl/src/extra/others/gridnav/lv_gridnav.o
LOAD ./Drivers/lvgl/src/extra/others/ime/lv_ime_pinyin.o
LOAD ./Drivers/lvgl/src/extra/others/imgfont/lv_imgfont.o
LOAD ./Drivers/lvgl/src/extra/others/monkey/lv_monkey.o
LOAD ./Drivers/lvgl/src/extra/others/msg/lv_msg.o
LOAD ./Drivers/lvgl/src/extra/others/snapshot/lv_snapshot.o
LOAD ./Drivers/lvgl/src/extra/themes/basic/lv_theme_basic.o
LOAD ./Drivers/lvgl/src/extra/themes/default/lv_theme_default.o
LOAD ./Drivers/lvgl/src/extra/themes/mono/lv_theme_mono.o
LOAD ./Drivers/lvgl/src/extra/widgets/animimg/lv_animimg.o
LOAD ./Drivers/lvgl/src/extra/widgets/calendar/lv_calendar.o
LOAD ./Drivers/lvgl/src/extra/widgets/calendar/lv_calendar_header_arrow.o
LOAD ./Drivers/lvgl/src/extra/widgets/calendar/lv_calendar_header_dropdown.o
LOAD ./Drivers/lvgl/src/extra/widgets/chart/lv_chart.o
LOAD ./Drivers/lvgl/src/extra/widgets/colorwheel/lv_colorwheel.o
LOAD ./Drivers/lvgl/src/extra/widgets/imgbtn/lv_imgbtn.o
LOAD ./Drivers/lvgl/src/extra/widgets/keyboard/lv_keyboard.o
LOAD ./Drivers/lvgl/src/extra/widgets/led/lv_led.o
LOAD ./Drivers/lvgl/src/extra/widgets/list/lv_list.o
LOAD ./Drivers/lvgl/src/extra/widgets/menu/lv_menu.o
LOAD ./Drivers/lvgl/src/extra/widgets/meter/lv_meter.o
LOAD ./Drivers/lvgl/src/extra/widgets/msgbox/lv_msgbox.o
LOAD ./Drivers/lvgl/src/extra/widgets/span/lv_span.o
LOAD ./Drivers/lvgl/src/extra/widgets/spinbox/lv_spinbox.o
LOAD ./Drivers/lvgl/src/extra/widgets/spinner/lv_spinner.o
LOAD ./Drivers/lvgl/src/extra/widgets/tabview/lv_tabview.o
LOAD ./Drivers/lvgl/src/extra/widgets/tileview/lv_tileview.o
LOAD ./Drivers/lvgl/src/extra/widgets/win/lv_win.o
LOAD ./Drivers/lvgl/src/font/lv_font.o
LOAD ./Drivers/lvgl/src/font/lv_font_dejavu_16_persian_hebrew.o
LOAD ./Drivers/lvgl/src/font/lv_font_fmt_txt.o
LOAD ./Drivers/lvgl/src/font/lv_font_loader.o
LOAD ./Drivers/lvgl/src/font/lv_font_montserrat_10.o
LOAD ./Drivers/lvgl/src/font/lv_font_montserrat_12.o
LOAD ./Drivers/lvgl/src/font/lv_font_montserrat_12_subpx.o
LOAD ./Drivers/lvgl/src/font/lv_font_montserrat_14.o
LOAD ./Drivers/lvgl/src/font/lv_font_montserrat_16.o
LOAD ./Drivers/lvgl/src/font/lv_font_montserrat_18.o
LOAD ./Drivers/lvgl/src/font/lv_font_montserrat_20.o
LOAD ./Drivers/lvgl/src/font/lv_font_montserrat_22.o
LOAD ./Drivers/lvgl/src/font/lv_font_montserrat_24.o
LOAD ./Drivers/lvgl/src/font/lv_font_montserrat_26.o
LOAD ./Drivers/lvgl/src/font/lv_font_montserrat_28.o
LOAD ./Drivers/lvgl/src/font/lv_font_montserrat_28_compressed.o
LOAD ./Drivers/lvgl/src/font/lv_font_montserrat_30.o
LOAD ./Drivers/lvgl/src/font/lv_font_montserrat_32.o
LOAD ./Drivers/lvgl/src/font/lv_font_montserrat_34.o
LOAD ./Drivers/lvgl/src/font/lv_font_montserrat_36.o
LOAD ./Drivers/lvgl/src/font/lv_font_montserrat_38.o
LOAD ./Drivers/lvgl/src/font/lv_font_montserrat_40.o
LOAD ./Drivers/lvgl/src/font/lv_font_montserrat_42.o
LOAD ./Drivers/lvgl/src/font/lv_font_montserrat_44.o
LOAD ./Drivers/lvgl/src/font/lv_font_montserrat_46.o
LOAD ./Drivers/lvgl/src/font/lv_font_montserrat_48.o
LOAD ./Drivers/lvgl/src/font/lv_font_montserrat_8.o
LOAD ./Drivers/lvgl/src/font/lv_font_simsun_16_cjk.o
LOAD ./Drivers/lvgl/src/font/lv_font_unscii_16.o
LOAD ./Drivers/lvgl/src/font/lv_font_unscii_8.o
LOAD ./Drivers/lvgl/src/hal/lv_hal_disp.o
LOAD ./Drivers/lvgl/src/hal/lv_hal_indev.o
LOAD ./Drivers/lvgl/src/hal/lv_hal_tick.o
LOAD ./Drivers/lvgl/src/misc/lv_anim.o
LOAD ./Drivers/lvgl/src/misc/lv_anim_timeline.o
LOAD ./Drivers/lvgl/src/misc/lv_area.o
LOAD ./Drivers/lvgl/src/misc/lv_async.o
LOAD ./Drivers/lvgl/src/misc/lv_bidi.o
LOAD ./Drivers/lvgl/src/misc/lv_color.o
LOAD ./Drivers/lvgl/src/misc/lv_fs.o
LOAD ./Drivers/lvgl/src/misc/lv_gc.o
LOAD ./Drivers/lvgl/src/misc/lv_ll.o
LOAD ./Drivers/lvgl/src/misc/lv_log.o
LOAD ./Drivers/lvgl/src/misc/lv_lru.o
LOAD ./Drivers/lvgl/src/misc/lv_math.o
LOAD ./Drivers/lvgl/src/misc/lv_mem.o
LOAD ./Drivers/lvgl/src/misc/lv_printf.o
LOAD ./Drivers/lvgl/src/misc/lv_style.o
LOAD ./Drivers/lvgl/src/misc/lv_style_gen.o
LOAD ./Drivers/lvgl/src/misc/lv_templ.o
LOAD ./Drivers/lvgl/src/misc/lv_timer.o
LOAD ./Drivers/lvgl/src/misc/lv_tlsf.o
LOAD ./Drivers/lvgl/src/misc/lv_txt.o
LOAD ./Drivers/lvgl/src/misc/lv_txt_ap.o
LOAD ./Drivers/lvgl/src/misc/lv_utils.o
LOAD ./Drivers/lvgl/src/widgets/lv_arc.o
LOAD ./Drivers/lvgl/src/widgets/lv_bar.o
LOAD ./Drivers/lvgl/src/widgets/lv_btn.o
LOAD ./Drivers/lvgl/src/widgets/lv_btnmatrix.o
LOAD ./Drivers/lvgl/src/widgets/lv_canvas.o
LOAD ./Drivers/lvgl/src/widgets/lv_checkbox.o
LOAD ./Drivers/lvgl/src/widgets/lv_dropdown.o
LOAD ./Drivers/lvgl/src/widgets/lv_img.o
LOAD ./Drivers/lvgl/src/widgets/lv_label.o
LOAD ./Drivers/lvgl/src/widgets/lv_line.o
LOAD ./Drivers/lvgl/src/widgets/lv_objx_templ.o
LOAD ./Drivers/lvgl/src/widgets/lv_roller.o
LOAD ./Drivers/lvgl/src/widgets/lv_slider.o
LOAD ./Drivers/lvgl/src/widgets/lv_switch.o
LOAD ./Drivers/lvgl/src/widgets/lv_table.o
LOAD ./Drivers/lvgl/src/widgets/lv_textarea.o
LOAD ./Drivers/lvgl/tests/makefile/test.o
LOAD ./Drivers/lvgl/tests/src/lv_test_indev.o
LOAD ./Drivers/lvgl/tests/src/lv_test_init.o
LOAD ./Drivers/lvgl/tests/src/test_cases/_test_template.o
LOAD ./Drivers/lvgl/tests/src/test_cases/test_arc.o
LOAD ./Drivers/lvgl/tests/src/test_cases/test_bar.o
LOAD ./Drivers/lvgl/tests/src/test_cases/test_checkbox.o
LOAD ./Drivers/lvgl/tests/src/test_cases/test_config.o
LOAD ./Drivers/lvgl/tests/src/test_cases/test_demo_stress.o
LOAD ./Drivers/lvgl/tests/src/test_cases/test_demo_widgets.o
LOAD ./Drivers/lvgl/tests/src/test_cases/test_dropdown.o
LOAD ./Drivers/lvgl/tests/src/test_cases/test_event.o
LOAD ./Drivers/lvgl/tests/src/test_cases/test_font_loader.o
LOAD ./Drivers/lvgl/tests/src/test_cases/test_fs.o
LOAD ./Drivers/lvgl/tests/src/test_cases/test_line.o
LOAD ./Drivers/lvgl/tests/src/test_cases/test_mem.o
LOAD ./Drivers/lvgl/tests/src/test_cases/test_obj_tree.o
LOAD ./Drivers/lvgl/tests/src/test_cases/test_screen_load.o
LOAD ./Drivers/lvgl/tests/src/test_cases/test_slider.o
LOAD ./Drivers/lvgl/tests/src/test_cases/test_snapshot.o
LOAD ./Drivers/lvgl/tests/src/test_cases/test_style.o
LOAD ./Drivers/lvgl/tests/src/test_cases/test_switch.o
LOAD ./Drivers/lvgl/tests/src/test_cases/test_table.o
LOAD ./Drivers/lvgl/tests/src/test_cases/test_textarea.o
LOAD ./Drivers/lvgl/tests/src/test_cases/test_tiny_ttf.o
LOAD ./Drivers/lvgl/tests/src/test_cases/test_txt.o
LOAD ./Drivers/lvgl/tests/src/test_fonts/font_1.o
LOAD ./Drivers/lvgl/tests/src/test_fonts/font_2.o
LOAD ./Drivers/lvgl/tests/src/test_fonts/font_3.o
LOAD ./Drivers/lvgl/tests/src/test_fonts/ubuntu_font.o
LOAD ./Drivers/lvgl/tests/unity/unity.o
LOAD ./Drivers/lvgl/tests/unity/unity_support.o
START GROUP
LOAD /home/rif/st/stm32cubeide_1.12.0/plugins/com.st.stm32cube.ide.mcu.externaltools.gnu-tools-for-stm32.10.3-2021.10.linux64_1.0.200.202301161003/tools/bin/../lib/gcc/arm-none-eabi/10.3.1/../../../../arm-none-eabi/lib/thumb/v7e-m+fp/hard/libstdc++_nano.a
LOAD /home/rif/st/stm32cubeide_1.12.0/plugins/com.st.stm32cube.ide.mcu.externaltools.gnu-tools-for-stm32.10.3-2021.10.linux64_1.0.200.202301161003/tools/bin/../lib/gcc/arm-none-eabi/10.3.1/../../../../arm-none-eabi/lib/thumb/v7e-m+fp/hard/libsupc++_nano.a
END GROUP
LOAD /home/rif/st/stm32cubeide_1.12.0/plugins/com.st.stm32cube.ide.mcu.externaltools.gnu-tools-for-stm32.10.3-2021.10.linux64_1.0.200.202301161003/tools/bin/../lib/gcc/arm-none-eabi/10.3.1/../../../../arm-none-eabi/lib/thumb/v7e-m+fp/hard/libstdc++_nano.a
LOAD /home/rif/st/stm32cubeide_1.12.0/plugins/com.st.stm32cube.ide.mcu.externaltools.gnu-tools-for-stm32.10.3-2021.10.linux64_1.0.200.202301161003/tools/bin/../lib/gcc/arm-none-eabi/10.3.1/../../../../arm-none-eabi/lib/thumb/v7e-m+fp/hard/libm.a
LOAD /home/rif/st/stm32cubeide_1.12.0/plugins/com.st.stm32cube.ide.mcu.externaltools.gnu-tools-for-stm32.10.3-2021.10.linux64_1.0.200.202301161003/tools/bin/../lib/gcc/arm-none-eabi/10.3.1/../../../../arm-none-eabi/lib/thumb/v7e-m+fp/hard/libc_nano.a
START GROUP
LOAD /home/rif/st/stm32cubeide_1.12.0/plugins/com.st.stm32cube.ide.mcu.externaltools.gnu-tools-for-stm32.10.3-2021.10.linux64_1.0.200.202301161003/tools/bin/../lib/gcc/arm-none-eabi/10.3.1/thumb/v7e-m+fp/hard/libgcc.a
LOAD /home/rif/st/stm32cubeide_1.12.0/plugins/com.st.stm32cube.ide.mcu.externaltools.gnu-tools-for-stm32.10.3-2021.10.linux64_1.0.200.202301161003/tools/bin/../lib/gcc/arm-none-eabi/10.3.1/../../../../arm-none-eabi/lib/thumb/v7e-m+fp/hard/libc_nano.a
END GROUP
START GROUP
LOAD /home/rif/st/stm32cubeide_1.12.0/plugins/com.st.stm32cube.ide.mcu.externaltools.gnu-tools-for-stm32.10.3-2021.10.linux64_1.0.200.202301161003/tools/bin/../lib/gcc/arm-none-eabi/10.3.1/thumb/v7e-m+fp/hard/libgcc.a
LOAD /home/rif/st/stm32cubeide_1.12.0/plugins/com.st.stm32cube.ide.mcu.externaltools.gnu-tools-for-stm32.10.3-2021.10.linux64_1.0.200.202301161003/tools/bin/../lib/gcc/arm-none-eabi/10.3.1/../../../../arm-none-eabi/lib/thumb/v7e-m+fp/hard/libc_nano.a
LOAD /home/rif/st/stm32cubeide_1.12.0/plugins/com.st.stm32cube.ide.mcu.externaltools.gnu-tools-for-stm32.10.3-2021.10.linux64_1.0.200.202301161003/tools/bin/../lib/gcc/arm-none-eabi/10.3.1/../../../../arm-none-eabi/lib/thumb/v7e-m+fp/hard/libnosys.a
END GROUP
START GROUP
LOAD /home/rif/st/stm32cubeide_1.12.0/plugins/com.st.stm32cube.ide.mcu.externaltools.gnu-tools-for-stm32.10.3-2021.10.linux64_1.0.200.202301161003/tools/bin/../lib/gcc/arm-none-eabi/10.3.1/thumb/v7e-m+fp/hard/libgcc.a
LOAD /home/rif/st/stm32cubeide_1.12.0/plugins/com.st.stm32cube.ide.mcu.externaltools.gnu-tools-for-stm32.10.3-2021.10.linux64_1.0.200.202301161003/tools/bin/../lib/gcc/arm-none-eabi/10.3.1/../../../../arm-none-eabi/lib/thumb/v7e-m+fp/hard/libc_nano.a
LOAD /home/rif/st/stm32cubeide_1.12.0/plugins/com.st.stm32cube.ide.mcu.externaltools.gnu-tools-for-stm32.10.3-2021.10.linux64_1.0.200.202301161003/tools/bin/../lib/gcc/arm-none-eabi/10.3.1/../../../../arm-none-eabi/lib/thumb/v7e-m+fp/hard/libnosys.a
END GROUP
LOAD /home/rif/st/stm32cubeide_1.12.0/plugins/com.st.stm32cube.ide.mcu.externaltools.gnu-tools-for-stm32.10.3-2021.10.linux64_1.0.200.202301161003/tools/bin/../lib/gcc/arm-none-eabi/10.3.1/thumb/v7e-m+fp/hard/crtend.o
LOAD /home/rif/st/stm32cubeide_1.12.0/plugins/com.st.stm32cube.ide.mcu.externaltools.gnu-tools-for-stm32.10.3-2021.10.linux64_1.0.200.202301161003/tools/bin/../lib/gcc/arm-none-eabi/10.3.1/thumb/v7e-m+fp/hard/crtn.o
                0x0000000020050000                _estack = (ORIGIN (RAM) + LENGTH (RAM))
                0x0000000000000200                _Min_Heap_Size = 0x200
                0x0000000000000400                _Min_Stack_Size = 0x400

.isr_vector     0x0000000008000000      0x1c8
                0x0000000008000000                . = ALIGN (0x4)
 *(.isr_vector)
 .isr_vector    0x0000000008000000      0x1c8 ./Core/Startup/startup_stm32f746nghx.o
                0x0000000008000000                g_pfnVectors
                0x00000000080001c8                . = ALIGN (0x4)

.text           0x00000000080001c8    0x27d04
                0x00000000080001c8                . = ALIGN (0x4)
 *(.text)
 .text          0x00000000080001c8       0x40 /home/rif/st/stm32cubeide_1.12.0/plugins/com.st.stm32cube.ide.mcu.externaltools.gnu-tools-for-stm32.10.3-2021.10.linux64_1.0.200.202301161003/tools/bin/../lib/gcc/arm-none-eabi/10.3.1/thumb/v7e-m+fp/hard/crtbegin.o
 .text          0x0000000008000208       0x14 /home/rif/st/stm32cubeide_1.12.0/plugins/com.st.stm32cube.ide.mcu.externaltools.gnu-tools-for-stm32.10.3-2021.10.linux64_1.0.200.202301161003/tools/bin/../lib/gcc/arm-none-eabi/10.3.1/../../../../arm-none-eabi/lib/thumb/v7e-m+fp/hard/libc_nano.a(lib_a-strcmp.o)
                0x0000000008000208                strcmp
 .text          0x000000000800021c       0x10 /home/rif/st/stm32cubeide_1.12.0/plugins/com.st.stm32cube.ide.mcu.externaltools.gnu-tools-for-stm32.10.3-2021.10.linux64_1.0.200.202301161003/tools/bin/../lib/gcc/arm-none-eabi/10.3.1/../../../../arm-none-eabi/lib/thumb/v7e-m+fp/hard/libc_nano.a(lib_a-strlen.o)
                0x000000000800021c                strlen
 .text          0x000000000800022c      0x254 /home/rif/st/stm32cubeide_1.12.0/plugins/com.st.stm32cube.ide.mcu.externaltools.gnu-tools-for-stm32.10.3-2021.10.linux64_1.0.200.202301161003/tools/bin/../lib/gcc/arm-none-eabi/10.3.1/thumb/v7e-m+fp/hard/libgcc.a(_arm_muldf3.o)
                0x000000000800022c                __aeabi_dmul
                0x000000000800022c                __muldf3
 .text          0x0000000008000480      0x378 /home/rif/st/stm32cubeide_1.12.0/plugins/com.st.stm32cube.ide.mcu.externaltools.gnu-tools-for-stm32.10.3-2021.10.linux64_1.0.200.202301161003/tools/bin/../lib/gcc/arm-none-eabi/10.3.1/thumb/v7e-m+fp/hard/libgcc.a(_arm_addsubdf3.o)
                0x0000000008000480                __aeabi_drsub
                0x0000000008000488                __aeabi_dsub
                0x0000000008000488                __subdf3
                0x000000000800048c                __adddf3
                0x000000000800048c                __aeabi_dadd
                0x0000000008000704                __aeabi_ui2d
                0x0000000008000704                __floatunsidf
                0x0000000008000724                __floatsidf
                0x0000000008000724                __aeabi_i2d
                0x0000000008000748                __extendsfdf2
                0x0000000008000748                __aeabi_f2d
                0x000000000800078c                __aeabi_ul2d
                0x000000000800078c                __floatundidf
                0x000000000800079c                __floatdidf
                0x000000000800079c                __aeabi_l2d
 .text          0x00000000080007f8       0x40 /home/rif/st/stm32cubeide_1.12.0/plugins/com.st.stm32cube.ide.mcu.externaltools.gnu-tools-for-stm32.10.3-2021.10.linux64_1.0.200.202301161003/tools/bin/../lib/gcc/arm-none-eabi/10.3.1/thumb/v7e-m+fp/hard/libgcc.a(_arm_fixunsdfsi.o)
                0x00000000080007f8                __fixunsdfsi
                0x00000000080007f8                __aeabi_d2uiz
 .text          0x0000000008000838       0x30 /home/rif/st/stm32cubeide_1.12.0/plugins/com.st.stm32cube.ide.mcu.externaltools.gnu-tools-for-stm32.10.3-2021.10.linux64_1.0.200.202301161003/tools/bin/../lib/gcc/arm-none-eabi/10.3.1/thumb/v7e-m+fp/hard/libgcc.a(_aeabi_uldivmod.o)
                0x0000000008000838                __aeabi_uldivmod
 .text          0x0000000008000868      0x2d0 /home/rif/st/stm32cubeide_1.12.0/plugins/com.st.stm32cube.ide.mcu.externaltools.gnu-tools-for-stm32.10.3-2021.10.linux64_1.0.200.202301161003/tools/bin/../lib/gcc/arm-none-eabi/10.3.1/thumb/v7e-m+fp/hard/libgcc.a(_udivmoddi4.o)
                0x0000000008000868                __udivmoddi4
 .text          0x0000000008000b38        0x4 /home/rif/st/stm32cubeide_1.12.0/plugins/com.st.stm32cube.ide.mcu.externaltools.gnu-tools-for-stm32.10.3-2021.10.linux64_1.0.200.202301161003/tools/bin/../lib/gcc/arm-none-eabi/10.3.1/thumb/v7e-m+fp/hard/libgcc.a(_dvmd_tls.o)
                0x0000000008000b38                __aeabi_ldiv0
                0x0000000008000b38                __aeabi_idiv0
 *(.text*)
 .text._ZN13ButtonManager8instanceEv
                0x0000000008000b3c       0x34 ./Core/Src/ButtonManager.o
                0x0000000008000b3c                ButtonManager::instance()
 .text._ZN13ButtonManager9addButtonEiPKcssPFvP11_lv_event_tE
                0x0000000008000b70       0x3a ./Core/Src/ButtonManager.o
                0x0000000008000b70                ButtonManager::addButton(int, char const*, short, short, void (*)(_lv_event_t*))
 .text._ZN13ButtonManagerD2Ev
                0x0000000008000baa       0x1e ./Core/Src/ButtonManager.o
                0x0000000008000baa                ButtonManager::~ButtonManager()
                0x0000000008000baa                ButtonManager::~ButtonManager()
 .text.__tcf_0  0x0000000008000bc8        0xc ./Core/Src/ButtonManager.o
 .text._ZN6ButtonC2EP9_lv_obj_tPKcssPFvP11_lv_event_tE
                0x0000000008000bd4       0x54 ./Core/Src/CreateButton.o
                0x0000000008000bd4                Button::Button(_lv_obj_t*, char const*, short, short, void (*)(_lv_event_t*))
                0x0000000008000bd4                Button::Button(_lv_obj_t*, char const*, short, short, void (*)(_lv_event_t*))
 .text._ZN12StateMachineC2EP17TIM_HandleTypeDef
                0x0000000008000c28        0xc ./Core/Src/StateMachine.o
                0x0000000008000c28                StateMachine::StateMachine(TIM_HandleTypeDef*)
                0x0000000008000c28                StateMachine::StateMachine(TIM_HandleTypeDef*)
 *fill*         0x0000000008000c34        0x4 
 .text._ZN12StateMachine18update_timer_valueEv
                0x0000000008000c38       0x6c ./Core/Src/StateMachine.o
                0x0000000008000c38                StateMachine::update_timer_value()
 .text._ZN12StateMachine12change_stateEh
                0x0000000008000ca4       0x3c ./Core/Src/StateMachine.o
                0x0000000008000ca4                StateMachine::change_state(unsigned char)
 .text.ft5336_TS_DetectTouch
                0x0000000008000ce0       0x44 ./Core/Src/ft5336.o
                0x0000000008000ce0                ft5336_TS_DetectTouch
 .text.ft5336_TS_GetXY
                0x0000000008000d24       0xcc ./Core/Src/ft5336.o
                0x0000000008000d24                ft5336_TS_GetXY
 .text.ft5336_Init
                0x0000000008000df0       0x1c ./Core/Src/ft5336.o
                0x0000000008000df0                ft5336_Init
 .text.disp_flush
                0x0000000008000e0c       0x48 ./Core/Src/lv_port_disp.o
 .text.lv_port_disp_init
                0x0000000008000e54       0x44 ./Core/Src/lv_port_disp.o
                0x0000000008000e54                lv_port_disp_init
 .text.touchpad_read
                0x0000000008000e98       0xa8 ./Core/Src/lv_port_indev.o
 .text.lv_port_indev_init
                0x0000000008000f40       0x30 ./Core/Src/lv_port_indev.o
                0x0000000008000f40                lv_port_indev_init
 .text.btn_event_handler
                0x0000000008000f70       0x68 ./Core/Src/main.o
                0x0000000008000f70                btn_event_handler
 .text._Z11send_stringPKc
                0x0000000008000fd8       0x20 ./Core/Src/main.o
                0x0000000008000fd8                send_string(char const*)
 .text._Z14create_buttonsv
                0x0000000008000ff8       0x6c ./Core/Src/main.o
                0x0000000008000ff8                create_buttons()
 .text._Z18SystemClock_Configv
                0x0000000008001064       0x98 ./Core/Src/main.o
                0x0000000008001064                SystemClock_Config()
 .text._Z24PeriphCommonClock_Configv
                0x00000000080010fc       0x38 ./Core/Src/main.o
                0x00000000080010fc                PeriphCommonClock_Config()
 *fill*         0x0000000008001134        0x4 
 .text.startup.main
                0x0000000008001138      0x450 ./Core/Src/main.o
                0x0000000008001138                main
 .text.Error_Handler
                0x0000000008001588        0x2 ./Core/Src/main.o
                0x0000000008001588                Error_Handler
 *fill*         0x000000000800158a        0x2 
 .text.startup._GLOBAL__sub_I_hi2c1
                0x000000000800158c       0x10 ./Core/Src/main.o
 .text.HAL_MspInit
                0x000000000800159c       0x30 ./Core/Src/stm32f7xx_hal_msp.o
                0x000000000800159c                HAL_MspInit
 .text.HAL_I2C_MspInit
                0x00000000080015cc       0x88 ./Core/Src/stm32f7xx_hal_msp.o
                0x00000000080015cc                HAL_I2C_MspInit
 .text.HAL_I2C_MspDeInit
                0x0000000008001654       0x3c ./Core/Src/stm32f7xx_hal_msp.o
                0x0000000008001654                HAL_I2C_MspDeInit
 .text.HAL_LTDC_MspInit
                0x0000000008001690      0x154 ./Core/Src/stm32f7xx_hal_msp.o
                0x0000000008001690                HAL_LTDC_MspInit
 .text.HAL_RNG_MspInit
                0x00000000080017e4       0x2c ./Core/Src/stm32f7xx_hal_msp.o
                0x00000000080017e4                HAL_RNG_MspInit
 .text.HAL_TIM_Base_MspInit
                0x0000000008001810       0x40 ./Core/Src/stm32f7xx_hal_msp.o
                0x0000000008001810                HAL_TIM_Base_MspInit
 .text.HAL_TIM_MspPostInit
                0x0000000008001850       0x4c ./Core/Src/stm32f7xx_hal_msp.o
                0x0000000008001850                HAL_TIM_MspPostInit
 .text.HAL_UART_MspInit
                0x000000000800189c      0x140 ./Core/Src/stm32f7xx_hal_msp.o
                0x000000000800189c                HAL_UART_MspInit
 .text.NMI_Handler
                0x00000000080019dc        0x2 ./Core/Src/stm32f7xx_it.o
                0x00000000080019dc                NMI_Handler
 .text.HardFault_Handler
                0x00000000080019de        0x2 ./Core/Src/stm32f7xx_it.o
                0x00000000080019de                HardFault_Handler
 .text.MemManage_Handler
                0x00000000080019e0        0x2 ./Core/Src/stm32f7xx_it.o
                0x00000000080019e0                MemManage_Handler
 .text.BusFault_Handler
                0x00000000080019e2        0x2 ./Core/Src/stm32f7xx_it.o
                0x00000000080019e2                BusFault_Handler
 .text.UsageFault_Handler
                0x00000000080019e4        0x2 ./Core/Src/stm32f7xx_it.o
                0x00000000080019e4                UsageFault_Handler
 .text.SVC_Handler
                0x00000000080019e6        0x2 ./Core/Src/stm32f7xx_it.o
                0x00000000080019e6                SVC_Handler
 .text.DebugMon_Handler
                0x00000000080019e8        0x2 ./Core/Src/stm32f7xx_it.o
                0x00000000080019e8                DebugMon_Handler
 .text.PendSV_Handler
                0x00000000080019ea        0x2 ./Core/Src/stm32f7xx_it.o
                0x00000000080019ea                PendSV_Handler
 .text.SysTick_Handler
                0x00000000080019ec       0x10 ./Core/Src/stm32f7xx_it.o
                0x00000000080019ec                SysTick_Handler
 .text.TIM3_IRQHandler
                0x00000000080019fc        0xc ./Core/Src/stm32f7xx_it.o
                0x00000000080019fc                TIM3_IRQHandler
 .text._getpid  0x0000000008001a08        0x4 ./Core/Src/syscalls.o
                0x0000000008001a08                _getpid
 .text._kill    0x0000000008001a0c       0x10 ./Core/Src/syscalls.o
                0x0000000008001a0c                _kill
 .text._exit    0x0000000008001a1c        0xc ./Core/Src/syscalls.o
                0x0000000008001a1c                _exit
 .text._sbrk    0x0000000008001a28       0x40 ./Core/Src/sysmem.o
                0x0000000008001a28                _sbrk
 .text.SystemInit
                0x0000000008001a68       0x14 ./Core/Src/system_stm32f7xx.o
                0x0000000008001a68                SystemInit
 .text.Reset_Handler
                0x0000000008001a7c       0x50 ./Core/Startup/startup_stm32f746nghx.o
                0x0000000008001a7c                Reset_Handler
 .text.Default_Handler
                0x0000000008001acc        0x2 ./Core/Startup/startup_stm32f746nghx.o
                0x0000000008001acc                RTC_Alarm_IRQHandler
                0x0000000008001acc                EXTI2_IRQHandler
                0x0000000008001acc                TIM8_CC_IRQHandler
                0x0000000008001acc                UART8_IRQHandler
                0x0000000008001acc                SPI4_IRQHandler
                0x0000000008001acc                TIM1_CC_IRQHandler
                0x0000000008001acc                DMA2_Stream5_IRQHandler
                0x0000000008001acc                DMA1_Stream5_IRQHandler
                0x0000000008001acc                PVD_IRQHandler
                0x0000000008001acc                TAMP_STAMP_IRQHandler
                0x0000000008001acc                CAN2_RX1_IRQHandler
                0x0000000008001acc                EXTI3_IRQHandler
                0x0000000008001acc                TIM8_TRG_COM_TIM14_IRQHandler
                0x0000000008001acc                TIM1_UP_TIM10_IRQHandler
                0x0000000008001acc                TIM8_UP_TIM13_IRQHandler
                0x0000000008001acc                I2C3_ER_IRQHandler
                0x0000000008001acc                EXTI0_IRQHandler
                0x0000000008001acc                I2C2_EV_IRQHandler
                0x0000000008001acc                DMA1_Stream2_IRQHandler
                0x0000000008001acc                CAN1_RX0_IRQHandler
                0x0000000008001acc                FPU_IRQHandler
                0x0000000008001acc                OTG_HS_WKUP_IRQHandler
                0x0000000008001acc                LTDC_ER_IRQHandler
                0x0000000008001acc                CAN2_SCE_IRQHandler
                0x0000000008001acc                DMA2_Stream2_IRQHandler
                0x0000000008001acc                SPI1_IRQHandler
                0x0000000008001acc                TIM6_DAC_IRQHandler
                0x0000000008001acc                TIM1_BRK_TIM9_IRQHandler
                0x0000000008001acc                DCMI_IRQHandler
                0x0000000008001acc                CAN2_RX0_IRQHandler
                0x0000000008001acc                DMA2_Stream3_IRQHandler
                0x0000000008001acc                SAI2_IRQHandler
                0x0000000008001acc                USART6_IRQHandler
                0x0000000008001acc                USART3_IRQHandler
                0x0000000008001acc                CAN1_RX1_IRQHandler
                0x0000000008001acc                UART5_IRQHandler
                0x0000000008001acc                DMA2_Stream0_IRQHandler
                0x0000000008001acc                TIM4_IRQHandler
                0x0000000008001acc                QUADSPI_IRQHandler
                0x0000000008001acc                I2C1_EV_IRQHandler
                0x0000000008001acc                DMA1_Stream6_IRQHandler
                0x0000000008001acc                DMA1_Stream1_IRQHandler
                0x0000000008001acc                UART4_IRQHandler
                0x0000000008001acc                RCC_IRQHandler
                0x0000000008001acc                TIM8_BRK_TIM12_IRQHandler
                0x0000000008001acc                Default_Handler
                0x0000000008001acc                CEC_IRQHandler
                0x0000000008001acc                EXTI15_10_IRQHandler
                0x0000000008001acc                ADC_IRQHandler
                0x0000000008001acc                DMA1_Stream7_IRQHandler
                0x0000000008001acc                SPI5_IRQHandler
                0x0000000008001acc                TIM7_IRQHandler
                0x0000000008001acc                SDMMC1_IRQHandler
                0x0000000008001acc                CAN2_TX_IRQHandler
                0x0000000008001acc                TIM5_IRQHandler
                0x0000000008001acc                DMA2_Stream7_IRQHandler
                0x0000000008001acc                I2C3_EV_IRQHandler
                0x0000000008001acc                EXTI9_5_IRQHandler
                0x0000000008001acc                RTC_WKUP_IRQHandler
                0x0000000008001acc                LTDC_IRQHandler
                0x0000000008001acc                ETH_WKUP_IRQHandler
                0x0000000008001acc                SPDIF_RX_IRQHandler
                0x0000000008001acc                SPI2_IRQHandler
                0x0000000008001acc                OTG_HS_EP1_IN_IRQHandler
                0x0000000008001acc                DMA1_Stream0_IRQHandler
                0x0000000008001acc                CAN1_TX_IRQHandler
                0x0000000008001acc                EXTI4_IRQHandler
                0x0000000008001acc                RNG_IRQHandler
                0x0000000008001acc                ETH_IRQHandler
                0x0000000008001acc                OTG_HS_EP1_OUT_IRQHandler
                0x0000000008001acc                WWDG_IRQHandler
                0x0000000008001acc                SPI6_IRQHandler
                0x0000000008001acc                I2C4_EV_IRQHandler
                0x0000000008001acc                TIM2_IRQHandler
                0x0000000008001acc                OTG_FS_WKUP_IRQHandler
                0x0000000008001acc                TIM1_TRG_COM_TIM11_IRQHandler
                0x0000000008001acc                OTG_HS_IRQHandler
                0x0000000008001acc                DMA2D_IRQHandler
                0x0000000008001acc                EXTI1_IRQHandler
                0x0000000008001acc                UART7_IRQHandler
                0x0000000008001acc                USART2_IRQHandler
                0x0000000008001acc                I2C2_ER_IRQHandler
                0x0000000008001acc                DMA2_Stream1_IRQHandler
                0x0000000008001acc                CAN1_SCE_IRQHandler
                0x0000000008001acc                FLASH_IRQHandler
                0x0000000008001acc                DMA2_Stream4_IRQHandler
                0x0000000008001acc                USART1_IRQHandler
                0x0000000008001acc                OTG_FS_IRQHandler
                0x0000000008001acc                SPI3_IRQHandler
                0x0000000008001acc                DMA1_Stream4_IRQHandler
                0x0000000008001acc                I2C1_ER_IRQHandler
                0x0000000008001acc                FMC_IRQHandler
                0x0000000008001acc                LPTIM1_IRQHandler
                0x0000000008001acc                I2C4_ER_IRQHandler
                0x0000000008001acc                DMA2_Stream6_IRQHandler
                0x0000000008001acc                SAI1_IRQHandler
                0x0000000008001acc                DMA1_Stream3_IRQHandler
 *fill*         0x0000000008001ace        0x2 
 .text.I2Cx_Init
                0x0000000008001ad0      0x15c ./Drivers/BSP/STM32746G-Discovery/stm32746g_discovery.o
 .text.I2Cx_ReadMultiple
                0x0000000008001c2c       0x30 ./Drivers/BSP/STM32746G-Discovery/stm32746g_discovery.o
 .text.AUDIO_IO_Init
                0x0000000008001c5c        0xc ./Drivers/BSP/STM32746G-Discovery/stm32746g_discovery.o
                0x0000000008001c5c                AUDIO_IO_Init
 .text.TS_IO_Init
                0x0000000008001c68        0x4 ./Drivers/BSP/STM32746G-Discovery/stm32746g_discovery.o
                0x0000000008001c68                TS_IO_Init
 .text.TS_IO_Read
                0x0000000008001c6c       0x2c ./Drivers/BSP/STM32746G-Discovery/stm32746g_discovery.o
                0x0000000008001c6c                TS_IO_Read
 .text.TS_IO_Delay
                0x0000000008001c98        0x4 ./Drivers/BSP/STM32746G-Discovery/stm32746g_discovery.o
                0x0000000008001c98                TS_IO_Delay
 .text.HAL_InitTick
                0x0000000008001c9c       0x48 ./Drivers/STM32F7xx_HAL_Driver/Src/stm32f7xx_hal.o
                0x0000000008001c9c                HAL_InitTick
 .text.HAL_Init
                0x0000000008001ce4       0x16 ./Drivers/STM32F7xx_HAL_Driver/Src/stm32f7xx_hal.o
                0x0000000008001ce4                HAL_Init
 *fill*         0x0000000008001cfa        0x2 
 .text.HAL_IncTick
                0x0000000008001cfc       0x18 ./Drivers/STM32F7xx_HAL_Driver/Src/stm32f7xx_hal.o
                0x0000000008001cfc                HAL_IncTick
 .text.HAL_GetTick
                0x0000000008001d14        0xc ./Drivers/STM32F7xx_HAL_Driver/Src/stm32f7xx_hal.o
                0x0000000008001d14                HAL_GetTick
 .text.HAL_Delay
                0x0000000008001d20       0x24 ./Drivers/STM32F7xx_HAL_Driver/Src/stm32f7xx_hal.o
                0x0000000008001d20                HAL_Delay
 .text.HAL_NVIC_SetPriorityGrouping
                0x0000000008001d44       0x24 ./Drivers/STM32F7xx_HAL_Driver/Src/stm32f7xx_hal_cortex.o
                0x0000000008001d44                HAL_NVIC_SetPriorityGrouping
 .text.HAL_NVIC_SetPriority
                0x0000000008001d68       0x64 ./Drivers/STM32F7xx_HAL_Driver/Src/stm32f7xx_hal_cortex.o
                0x0000000008001d68                HAL_NVIC_SetPriority
 .text.HAL_NVIC_EnableIRQ
                0x0000000008001dcc       0x1c ./Drivers/STM32F7xx_HAL_Driver/Src/stm32f7xx_hal_cortex.o
                0x0000000008001dcc                HAL_NVIC_EnableIRQ
 .text.HAL_SYSTICK_Config
                0x0000000008001de8       0x28 ./Drivers/STM32F7xx_HAL_Driver/Src/stm32f7xx_hal_cortex.o
                0x0000000008001de8                HAL_SYSTICK_Config
 .text.HAL_MPU_Disable
                0x0000000008001e10       0x1c ./Drivers/STM32F7xx_HAL_Driver/Src/stm32f7xx_hal_cortex.o
                0x0000000008001e10                HAL_MPU_Disable
 .text.HAL_MPU_Enable
                0x0000000008001e2c       0x20 ./Drivers/STM32F7xx_HAL_Driver/Src/stm32f7xx_hal_cortex.o
                0x0000000008001e2c                HAL_MPU_Enable
 .text.HAL_MPU_ConfigRegion
                0x0000000008001e4c       0x58 ./Drivers/STM32F7xx_HAL_Driver/Src/stm32f7xx_hal_cortex.o
                0x0000000008001e4c                HAL_MPU_ConfigRegion
 .text.HAL_GPIO_Init
                0x0000000008001ea4      0x1c8 ./Drivers/STM32F7xx_HAL_Driver/Src/stm32f7xx_hal_gpio.o
                0x0000000008001ea4                HAL_GPIO_Init
 .text.HAL_GPIO_DeInit
                0x000000000800206c      0x144 ./Drivers/STM32F7xx_HAL_Driver/Src/stm32f7xx_hal_gpio.o
                0x000000000800206c                HAL_GPIO_DeInit
 .text.HAL_GPIO_WritePin
                0x00000000080021b0        0xa ./Drivers/STM32F7xx_HAL_Driver/Src/stm32f7xx_hal_gpio.o
                0x00000000080021b0                HAL_GPIO_WritePin
 .text.I2C_Flush_TXDR
                0x00000000080021ba       0x1c ./Drivers/STM32F7xx_HAL_Driver/Src/stm32f7xx_hal_i2c.o
 *fill*         0x00000000080021d6        0x2 
 .text.I2C_TransferConfig
                0x00000000080021d8       0x2c ./Drivers/STM32F7xx_HAL_Driver/Src/stm32f7xx_hal_i2c.o
 .text.I2C_IsErrorOccurred
                0x0000000008002204      0x102 ./Drivers/STM32F7xx_HAL_Driver/Src/stm32f7xx_hal_i2c.o
 .text.I2C_WaitOnTXISFlagUntilTimeout
                0x0000000008002306       0x56 ./Drivers/STM32F7xx_HAL_Driver/Src/stm32f7xx_hal_i2c.o
 .text.I2C_WaitOnFlagUntilTimeout
                0x000000000800235c       0x76 ./Drivers/STM32F7xx_HAL_Driver/Src/stm32f7xx_hal_i2c.o
 .text.I2C_WaitOnSTOPFlagUntilTimeout
                0x00000000080023d2       0x52 ./Drivers/STM32F7xx_HAL_Driver/Src/stm32f7xx_hal_i2c.o
 .text.HAL_I2C_Init
                0x0000000008002424       0xaa ./Drivers/STM32F7xx_HAL_Driver/Src/stm32f7xx_hal_i2c.o
                0x0000000008002424                HAL_I2C_Init
 .text.HAL_I2C_DeInit
                0x00000000080024ce       0x32 ./Drivers/STM32F7xx_HAL_Driver/Src/stm32f7xx_hal_i2c.o
                0x00000000080024ce                HAL_I2C_DeInit
 .text.HAL_I2C_Mem_Read
                0x0000000008002500      0x1bc ./Drivers/STM32F7xx_HAL_Driver/Src/stm32f7xx_hal_i2c.o
                0x0000000008002500                HAL_I2C_Mem_Read
 .text.HAL_I2C_GetState
                0x00000000080026bc        0x6 ./Drivers/STM32F7xx_HAL_Driver/Src/stm32f7xx_hal_i2c.o
                0x00000000080026bc                HAL_I2C_GetState
 .text.HAL_I2CEx_ConfigAnalogFilter
                0x00000000080026c2       0x4c ./Drivers/STM32F7xx_HAL_Driver/Src/stm32f7xx_hal_i2c_ex.o
                0x00000000080026c2                HAL_I2CEx_ConfigAnalogFilter
 .text.HAL_I2CEx_ConfigDigitalFilter
                0x000000000800270e       0x4a ./Drivers/STM32F7xx_HAL_Driver/Src/stm32f7xx_hal_i2c_ex.o
                0x000000000800270e                HAL_I2CEx_ConfigDigitalFilter
 .text.LTDC_SetConfig
                0x0000000008002758      0x10c ./Drivers/STM32F7xx_HAL_Driver/Src/stm32f7xx_hal_ltdc.o
 .text.HAL_LTDC_Init
                0x0000000008002864       0xd8 ./Drivers/STM32F7xx_HAL_Driver/Src/stm32f7xx_hal_ltdc.o
                0x0000000008002864                HAL_LTDC_Init
 .text.HAL_LTDC_ConfigLayer
                0x000000000800293c       0x5a ./Drivers/STM32F7xx_HAL_Driver/Src/stm32f7xx_hal_ltdc.o
                0x000000000800293c                HAL_LTDC_ConfigLayer
 .text.HAL_LTDC_SetAddress
                0x0000000008002996       0x40 ./Drivers/STM32F7xx_HAL_Driver/Src/stm32f7xx_hal_ltdc.o
                0x0000000008002996                HAL_LTDC_SetAddress
 *fill*         0x00000000080029d6        0x2 
 .text.HAL_PWREx_EnableOverDrive
                0x00000000080029d8       0x70 ./Drivers/STM32F7xx_HAL_Driver/Src/stm32f7xx_hal_pwr_ex.o
                0x00000000080029d8                HAL_PWREx_EnableOverDrive
 .text.HAL_RCC_OscConfig
                0x0000000008002a48      0x37c ./Drivers/STM32F7xx_HAL_Driver/Src/stm32f7xx_hal_rcc.o
                0x0000000008002a48                HAL_RCC_OscConfig
 .text.HAL_RCC_GetSysClockFreq
                0x0000000008002dc4       0x5c ./Drivers/STM32F7xx_HAL_Driver/Src/stm32f7xx_hal_rcc.o
                0x0000000008002dc4                HAL_RCC_GetSysClockFreq
 .text.HAL_RCC_ClockConfig
                0x0000000008002e20      0x140 ./Drivers/STM32F7xx_HAL_Driver/Src/stm32f7xx_hal_rcc.o
                0x0000000008002e20                HAL_RCC_ClockConfig
 .text.HAL_RCC_GetPCLK1Freq
                0x0000000008002f60       0x20 ./Drivers/STM32F7xx_HAL_Driver/Src/stm32f7xx_hal_rcc.o
                0x0000000008002f60                HAL_RCC_GetPCLK1Freq
 .text.HAL_RCC_GetPCLK2Freq
                0x0000000008002f80       0x20 ./Drivers/STM32F7xx_HAL_Driver/Src/stm32f7xx_hal_rcc.o
                0x0000000008002f80                HAL_RCC_GetPCLK2Freq
 .text.HAL_RCCEx_PeriphCLKConfig
                0x0000000008002fa0      0x510 ./Drivers/STM32F7xx_HAL_Driver/Src/stm32f7xx_hal_rcc_ex.o
                0x0000000008002fa0                HAL_RCCEx_PeriphCLKConfig
 .text.HAL_RNG_Init
                0x00000000080034b0       0x30 ./Drivers/STM32F7xx_HAL_Driver/Src/stm32f7xx_hal_rng.o
                0x00000000080034b0                HAL_RNG_Init
 .text.TIM_OC1_SetConfig
                0x00000000080034e0       0x68 ./Drivers/STM32F7xx_HAL_Driver/Src/stm32f7xx_hal_tim.o
 .text.TIM_OC3_SetConfig
                0x0000000008003548       0x70 ./Drivers/STM32F7xx_HAL_Driver/Src/stm32f7xx_hal_tim.o
 .text.TIM_OC4_SetConfig
                0x00000000080035b8       0x50 ./Drivers/STM32F7xx_HAL_Driver/Src/stm32f7xx_hal_tim.o
 .text.TIM_OC5_SetConfig
                0x0000000008003608       0x50 ./Drivers/STM32F7xx_HAL_Driver/Src/stm32f7xx_hal_tim.o
 .text.TIM_OC6_SetConfig
                0x0000000008003658       0x50 ./Drivers/STM32F7xx_HAL_Driver/Src/stm32f7xx_hal_tim.o
 .text.HAL_TIM_PWM_MspInit
                0x00000000080036a8        0x2 ./Drivers/STM32F7xx_HAL_Driver/Src/stm32f7xx_hal_tim.o
                0x00000000080036a8                HAL_TIM_PWM_MspInit
 .text.HAL_TIM_PeriodElapsedCallback
                0x00000000080036aa        0x2 ./Drivers/STM32F7xx_HAL_Driver/Src/stm32f7xx_hal_tim.o
                0x00000000080036aa                HAL_TIM_PeriodElapsedCallback
 .text.HAL_TIM_OC_DelayElapsedCallback
                0x00000000080036ac        0x2 ./Drivers/STM32F7xx_HAL_Driver/Src/stm32f7xx_hal_tim.o
                0x00000000080036ac                HAL_TIM_OC_DelayElapsedCallback
 .text.HAL_TIM_IC_CaptureCallback
                0x00000000080036ae        0x2 ./Drivers/STM32F7xx_HAL_Driver/Src/stm32f7xx_hal_tim.o
                0x00000000080036ae                HAL_TIM_IC_CaptureCallback
 .text.HAL_TIM_PWM_PulseFinishedCallback
                0x00000000080036b0        0x2 ./Drivers/STM32F7xx_HAL_Driver/Src/stm32f7xx_hal_tim.o
                0x00000000080036b0                HAL_TIM_PWM_PulseFinishedCallback
 .text.HAL_TIM_TriggerCallback
                0x00000000080036b2        0x2 ./Drivers/STM32F7xx_HAL_Driver/Src/stm32f7xx_hal_tim.o
                0x00000000080036b2                HAL_TIM_TriggerCallback
 .text.HAL_TIM_IRQHandler
                0x00000000080036b4      0x140 ./Drivers/STM32F7xx_HAL_Driver/Src/stm32f7xx_hal_tim.o
                0x00000000080036b4                HAL_TIM_IRQHandler
 .text.TIM_Base_SetConfig
                0x00000000080037f4       0xd8 ./Drivers/STM32F7xx_HAL_Driver/Src/stm32f7xx_hal_tim.o
                0x00000000080037f4                TIM_Base_SetConfig
 .text.HAL_TIM_Base_Init
                0x00000000080038cc       0x60 ./Drivers/STM32F7xx_HAL_Driver/Src/stm32f7xx_hal_tim.o
                0x00000000080038cc                HAL_TIM_Base_Init
 .text.HAL_TIM_PWM_Init
                0x000000000800392c       0x60 ./Drivers/STM32F7xx_HAL_Driver/Src/stm32f7xx_hal_tim.o
                0x000000000800392c                HAL_TIM_PWM_Init
 .text.TIM_OC2_SetConfig
                0x000000000800398c       0x70 ./Drivers/STM32F7xx_HAL_Driver/Src/stm32f7xx_hal_tim.o
                0x000000000800398c                TIM_OC2_SetConfig
 .text.HAL_TIM_PWM_ConfigChannel
                0x00000000080039fc      0x104 ./Drivers/STM32F7xx_HAL_Driver/Src/stm32f7xx_hal_tim.o
                0x00000000080039fc                HAL_TIM_PWM_ConfigChannel
 .text.TIM_ETR_SetConfig
                0x0000000008003b00       0x14 ./Drivers/STM32F7xx_HAL_Driver/Src/stm32f7xx_hal_tim.o
                0x0000000008003b00                TIM_ETR_SetConfig
 .text.HAL_TIM_ConfigClockSource
                0x0000000008003b14      0x138 ./Drivers/STM32F7xx_HAL_Driver/Src/stm32f7xx_hal_tim.o
                0x0000000008003b14                HAL_TIM_ConfigClockSource
 .text.TIM_CCxChannelCmd
                0x0000000008003c4c       0x1c ./Drivers/STM32F7xx_HAL_Driver/Src/stm32f7xx_hal_tim.o
                0x0000000008003c4c                TIM_CCxChannelCmd
 .text.HAL_TIM_OC_Start
                0x0000000008003c68      0x10c ./Drivers/STM32F7xx_HAL_Driver/Src/stm32f7xx_hal_tim.o
                0x0000000008003c68                HAL_TIM_OC_Start
 .text.HAL_TIM_PWM_Start
                0x0000000008003d74        0x4 ./Drivers/STM32F7xx_HAL_Driver/Src/stm32f7xx_hal_tim.o
                0x0000000008003d74                HAL_TIM_PWM_Start
 .text.HAL_TIMEx_MasterConfigSynchronization
                0x0000000008003d78       0x94 ./Drivers/STM32F7xx_HAL_Driver/Src/stm32f7xx_hal_tim_ex.o
                0x0000000008003d78                HAL_TIMEx_MasterConfigSynchronization
 .text.HAL_TIMEx_CommutCallback
                0x0000000008003e0c        0x2 ./Drivers/STM32F7xx_HAL_Driver/Src/stm32f7xx_hal_tim_ex.o
                0x0000000008003e0c                HAL_TIMEx_CommutCallback
 .text.HAL_TIMEx_BreakCallback
                0x0000000008003e0e        0x2 ./Drivers/STM32F7xx_HAL_Driver/Src/stm32f7xx_hal_tim_ex.o
                0x0000000008003e0e                HAL_TIMEx_BreakCallback
 .text.HAL_TIMEx_Break2Callback
                0x0000000008003e10        0x2 ./Drivers/STM32F7xx_HAL_Driver/Src/stm32f7xx_hal_tim_ex.o
                0x0000000008003e10                HAL_TIMEx_Break2Callback
 .text.UART_EndRxTransfer
                0x0000000008003e12       0x50 ./Drivers/STM32F7xx_HAL_Driver/Src/stm32f7xx_hal_uart.o
 *fill*         0x0000000008003e62        0x2 
 .text.UART_SetConfig
                0x0000000008003e64      0x284 ./Drivers/STM32F7xx_HAL_Driver/Src/stm32f7xx_hal_uart.o
                0x0000000008003e64                UART_SetConfig
 .text.UART_AdvFeatureConfig
                0x00000000080040e8       0xaa ./Drivers/STM32F7xx_HAL_Driver/Src/stm32f7xx_hal_uart.o
                0x00000000080040e8                UART_AdvFeatureConfig
 .text.UART_WaitOnFlagUntilTimeout
                0x0000000008004192       0x90 ./Drivers/STM32F7xx_HAL_Driver/Src/stm32f7xx_hal_uart.o
                0x0000000008004192                UART_WaitOnFlagUntilTimeout
 .text.HAL_UART_Transmit
                0x0000000008004222       0xa4 ./Drivers/STM32F7xx_HAL_Driver/Src/stm32f7xx_hal_uart.o
                0x0000000008004222                HAL_UART_Transmit
 .text.UART_CheckIdleState
                0x00000000080042c6       0x60 ./Drivers/STM32F7xx_HAL_Driver/Src/stm32f7xx_hal_uart.o
                0x00000000080042c6                UART_CheckIdleState
 .text.HAL_UART_Init
                0x0000000008004326       0x5c ./Drivers/STM32F7xx_HAL_Driver/Src/stm32f7xx_hal_uart.o
                0x0000000008004326                HAL_UART_Init
 .text.lv_disp_get_scr_act
                0x0000000008004382        0xe ./Drivers/lvgl/src/core/lv_disp.o
                0x0000000008004382                lv_disp_get_scr_act
 .text.lv_disp_get_scr_prev
                0x0000000008004390        0xe ./Drivers/lvgl/src/core/lv_disp.o
                0x0000000008004390                lv_disp_get_scr_prev
 .text.lv_disp_get_layer_top
                0x000000000800439e        0xe ./Drivers/lvgl/src/core/lv_disp.o
                0x000000000800439e                lv_disp_get_layer_top
 .text.lv_disp_get_layer_sys
                0x00000000080043ac        0xe ./Drivers/lvgl/src/core/lv_disp.o
                0x00000000080043ac                lv_disp_get_layer_sys
 .text.lv_disp_get_theme
                0x00000000080043ba        0xc ./Drivers/lvgl/src/core/lv_disp.o
                0x00000000080043ba                lv_disp_get_theme
 .text.lv_disp_is_invalidation_enabled
                0x00000000080043c6       0x18 ./Drivers/lvgl/src/core/lv_disp.o
                0x00000000080043c6                lv_disp_is_invalidation_enabled
 .text.lv_obj_get_event_dsc.isra.0
                0x00000000080043de       0x1a ./Drivers/lvgl/src/core/lv_event.o
 .text.lv_obj_event_base
                0x00000000080043f8       0x2a ./Drivers/lvgl/src/core/lv_event.o
                0x00000000080043f8                lv_obj_event_base
 *fill*         0x0000000008004422        0x2 
 .text.event_send_core
                0x0000000008004424      0x164 ./Drivers/lvgl/src/core/lv_event.o
 .text.lv_event_send
                0x0000000008004588       0x40 ./Drivers/lvgl/src/core/lv_event.o
                0x0000000008004588                lv_event_send
 .text.lv_event_get_target
                0x00000000080045c8        0x4 ./Drivers/lvgl/src/core/lv_event.o
                0x00000000080045c8                lv_event_get_target
 .text.lv_event_get_current_target
                0x00000000080045cc        0x4 ./Drivers/lvgl/src/core/lv_event.o
                0x00000000080045cc                lv_event_get_current_target
 .text.lv_event_get_code
                0x00000000080045d0        0x8 ./Drivers/lvgl/src/core/lv_event.o
                0x00000000080045d0                lv_event_get_code
 .text.lv_event_get_param
                0x00000000080045d8        0x4 ./Drivers/lvgl/src/core/lv_event.o
                0x00000000080045d8                lv_event_get_param
 .text.lv_event_get_user_data
                0x00000000080045dc        0x4 ./Drivers/lvgl/src/core/lv_event.o
                0x00000000080045dc                lv_event_get_user_data
 .text._lv_event_mark_deleted
                0x00000000080045e0       0x24 ./Drivers/lvgl/src/core/lv_event.o
                0x00000000080045e0                _lv_event_mark_deleted
 .text.lv_obj_add_event_cb
                0x0000000008004604       0x60 ./Drivers/lvgl/src/core/lv_event.o
                0x0000000008004604                lv_obj_add_event_cb
 .text.lv_event_get_indev
                0x0000000008004664        0xe ./Drivers/lvgl/src/core/lv_event.o
                0x0000000008004664                lv_event_get_indev
 .text.lv_event_get_draw_ctx
                0x0000000008004672        0xe ./Drivers/lvgl/src/core/lv_event.o
                0x0000000008004672                lv_event_get_draw_ctx
 .text.lv_event_set_ext_draw_size
                0x0000000008004680       0x16 ./Drivers/lvgl/src/core/lv_event.o
                0x0000000008004680                lv_event_set_ext_draw_size
 .text.get_indev
                0x0000000008004696       0x4c ./Drivers/lvgl/src/core/lv_group.o
 .text.focus_next_core
                0x00000000080046e2       0xe8 ./Drivers/lvgl/src/core/lv_group.o
 *fill*         0x00000000080047ca        0x2 
 .text._lv_group_init
                0x00000000080047cc        0xc ./Drivers/lvgl/src/core/lv_group.o
                0x00000000080047cc                _lv_group_init
 .text.lv_group_get_default
                0x00000000080047d8        0xc ./Drivers/lvgl/src/core/lv_group.o
                0x00000000080047d8                lv_group_get_default
 .text.lv_group_focus_next
                0x00000000080047e4       0x28 ./Drivers/lvgl/src/core/lv_group.o
                0x00000000080047e4                lv_group_focus_next
 .text.lv_group_focus_prev
                0x000000000800480c       0x28 ./Drivers/lvgl/src/core/lv_group.o
                0x000000000800480c                lv_group_focus_prev
 .text.lv_group_refocus
                0x0000000008004834       0x28 ./Drivers/lvgl/src/core/lv_group.o
 .text.lv_group_remove_obj
                0x000000000800485c       0x90 ./Drivers/lvgl/src/core/lv_group.o
                0x000000000800485c                lv_group_remove_obj
 .text.lv_group_add_obj
                0x00000000080048ec       0x72 ./Drivers/lvgl/src/core/lv_group.o
                0x00000000080048ec                lv_group_add_obj
 .text.lv_group_get_focused
                0x000000000800495e        0xa ./Drivers/lvgl/src/core/lv_group.o
                0x000000000800495e                lv_group_get_focused
 .text.lv_group_send_data
                0x0000000008004968       0x28 ./Drivers/lvgl/src/core/lv_group.o
                0x0000000008004968                lv_group_send_data
 .text.lv_group_set_editing
                0x0000000008004990       0x42 ./Drivers/lvgl/src/core/lv_group.o
                0x0000000008004990                lv_group_set_editing
 .text.lv_group_focus_obj
                0x00000000080049d2       0x8a ./Drivers/lvgl/src/core/lv_group.o
                0x00000000080049d2                lv_group_focus_obj
 .text.lv_group_get_editing
                0x0000000008004a5c        0xa ./Drivers/lvgl/src/core/lv_group.o
                0x0000000008004a5c                lv_group_get_editing
 .text.lv_group_get_obj_count
                0x0000000008004a66        0x4 ./Drivers/lvgl/src/core/lv_group.o
                0x0000000008004a66                lv_group_get_obj_count
 *fill*         0x0000000008004a6a        0x2 
 .text.indev_reset_check
                0x0000000008004a6c       0x18 ./Drivers/lvgl/src/core/lv_indev.o
 .text.indev_proc_reset_query_handler
                0x0000000008004a84       0x34 ./Drivers/lvgl/src/core/lv_indev.o
 .text.indev_proc_release
                0x0000000008004ab8      0x128 ./Drivers/lvgl/src/core/lv_indev.o
 .text.lv_indev_get_act
                0x0000000008004be0        0xc ./Drivers/lvgl/src/core/lv_indev.o
                0x0000000008004be0                lv_indev_get_act
 .text.lv_indev_get_type
                0x0000000008004bec        0x8 ./Drivers/lvgl/src/core/lv_indev.o
                0x0000000008004bec                lv_indev_get_type
 .text.lv_indev_reset
                0x0000000008004bf4       0xa0 ./Drivers/lvgl/src/core/lv_indev.o
                0x0000000008004bf4                lv_indev_reset
 .text.lv_indev_reset_long_press
                0x0000000008004c94       0x1a ./Drivers/lvgl/src/core/lv_indev.o
                0x0000000008004c94                lv_indev_reset_long_press
 .text.lv_indev_get_point
                0x0000000008004cae       0x2a ./Drivers/lvgl/src/core/lv_indev.o
                0x0000000008004cae                lv_indev_get_point
 .text.lv_indev_get_scroll_dir
                0x0000000008004cd8       0x1c ./Drivers/lvgl/src/core/lv_indev.o
                0x0000000008004cd8                lv_indev_get_scroll_dir
 .text.lv_indev_get_scroll_obj
                0x0000000008004cf4       0x16 ./Drivers/lvgl/src/core/lv_indev.o
                0x0000000008004cf4                lv_indev_get_scroll_obj
 .text.lv_indev_get_vect
                0x0000000008004d0a       0x22 ./Drivers/lvgl/src/core/lv_indev.o
                0x0000000008004d0a                lv_indev_get_vect
 .text.lv_indev_wait_release
                0x0000000008004d2c        0xc ./Drivers/lvgl/src/core/lv_indev.o
                0x0000000008004d2c                lv_indev_wait_release
 .text.lv_indev_get_obj_act
                0x0000000008004d38        0xc ./Drivers/lvgl/src/core/lv_indev.o
                0x0000000008004d38                lv_indev_get_obj_act
 .text.lv_indev_search_obj
                0x0000000008004d44       0x72 ./Drivers/lvgl/src/core/lv_indev.o
                0x0000000008004d44                lv_indev_search_obj
 *fill*         0x0000000008004db6        0x2 
 .text.indev_proc_press
                0x0000000008004db8      0x374 ./Drivers/lvgl/src/core/lv_indev.o
 .text.lv_indev_read_timer_cb
                0x000000000800512c      0x744 ./Drivers/lvgl/src/core/lv_indev.o
                0x000000000800512c                lv_indev_read_timer_cb
 .text.elastic_diff
                0x0000000008005870      0x17e ./Drivers/lvgl/src/core/lv_indev_scroll.o
 *fill*         0x00000000080059ee        0x2 
 .text.find_snap_point_y
                0x00000000080059f0      0x11c ./Drivers/lvgl/src/core/lv_indev_scroll.o
 .text.find_snap_point_x
                0x0000000008005b0c      0x11c ./Drivers/lvgl/src/core/lv_indev_scroll.o
 .text._lv_indev_scroll_handler
                0x0000000008005c28      0x554 ./Drivers/lvgl/src/core/lv_indev_scroll.o
                0x0000000008005c28                _lv_indev_scroll_handler
 .text._lv_indev_scroll_throw_handler
                0x000000000800617c      0x254 ./Drivers/lvgl/src/core/lv_indev_scroll.o
                0x000000000800617c                _lv_indev_scroll_throw_handler
 .text.lv_indev_scroll_throw_predict
                0x00000000080063d0       0x36 ./Drivers/lvgl/src/core/lv_indev_scroll.o
                0x00000000080063d0                lv_indev_scroll_throw_predict
 .text.lv_obj_constructor
                0x0000000008006406       0x74 ./Drivers/lvgl/src/core/lv_obj.o
 .text.lv_obj_set_state
                0x000000000800647a      0x234 ./Drivers/lvgl/src/core/lv_obj.o
 *fill*         0x00000000080066ae        0x2 
 .text.lv_obj_draw
                0x00000000080066b0      0x45c ./Drivers/lvgl/src/core/lv_obj.o
 .text.lv_init  0x0000000008006b0c       0x54 ./Drivers/lvgl/src/core/lv_obj.o
                0x0000000008006b0c                lv_init
 .text.lv_obj_create
                0x0000000008006b60       0x18 ./Drivers/lvgl/src/core/lv_obj.o
                0x0000000008006b60                lv_obj_create
 .text.lv_obj_clear_flag
                0x0000000008006b78       0x78 ./Drivers/lvgl/src/core/lv_obj.o
                0x0000000008006b78                lv_obj_clear_flag
 .text.lv_obj_add_state
                0x0000000008006bf0       0x12 ./Drivers/lvgl/src/core/lv_obj.o
                0x0000000008006bf0                lv_obj_add_state
 .text.lv_obj_clear_state
                0x0000000008006c02       0x12 ./Drivers/lvgl/src/core/lv_obj.o
                0x0000000008006c02                lv_obj_clear_state
 .text.lv_obj_has_flag
                0x0000000008006c14        0xe ./Drivers/lvgl/src/core/lv_obj.o
                0x0000000008006c14                lv_obj_has_flag
 .text.lv_obj_has_flag_any
                0x0000000008006c22        0xc ./Drivers/lvgl/src/core/lv_obj.o
                0x0000000008006c22                lv_obj_has_flag_any
 .text.lv_obj_get_state
                0x0000000008006c2e        0x4 ./Drivers/lvgl/src/core/lv_obj.o
                0x0000000008006c2e                lv_obj_get_state
 .text.lv_obj_has_state
                0x0000000008006c32        0xc ./Drivers/lvgl/src/core/lv_obj.o
                0x0000000008006c32                lv_obj_has_state
 .text.lv_obj_get_group
                0x0000000008006c3e        0x8 ./Drivers/lvgl/src/core/lv_obj.o
                0x0000000008006c3e                lv_obj_get_group
 .text.lv_obj_event
                0x0000000008006c46      0x348 ./Drivers/lvgl/src/core/lv_obj.o
 *fill*         0x0000000008006f8e        0x2 
 .text.lv_obj_destructor
                0x0000000008006f90       0x68 ./Drivers/lvgl/src/core/lv_obj.o
 .text.lv_obj_add_flag
                0x0000000008006ff8       0x84 ./Drivers/lvgl/src/core/lv_obj.o
                0x0000000008006ff8                lv_obj_add_flag
 .text.lv_obj_allocate_spec_attr
                0x000000000800707c       0x38 ./Drivers/lvgl/src/core/lv_obj.o
                0x000000000800707c                lv_obj_allocate_spec_attr
 .text.lv_obj_check_type
                0x00000000080070b4        0xc ./Drivers/lvgl/src/core/lv_obj.o
                0x00000000080070b4                lv_obj_check_type
 .text.lv_obj_construct
                0x00000000080070c0       0x22 ./Drivers/lvgl/src/core/lv_obj_class.o
 *fill*         0x00000000080070e2        0x2 
 .text.lv_obj_class_create_obj
                0x00000000080070e4       0xd8 ./Drivers/lvgl/src/core/lv_obj_class.o
                0x00000000080070e4                lv_obj_class_create_obj
 .text._lv_obj_destruct
                0x00000000080071bc       0x1a ./Drivers/lvgl/src/core/lv_obj_class.o
                0x00000000080071bc                _lv_obj_destruct
 .text.lv_obj_is_editable
                0x00000000080071d6       0x14 ./Drivers/lvgl/src/core/lv_obj_class.o
                0x00000000080071d6                lv_obj_is_editable
 .text.lv_obj_is_group_def
                0x00000000080071ea       0x14 ./Drivers/lvgl/src/core/lv_obj_class.o
                0x00000000080071ea                lv_obj_is_group_def
 .text.lv_obj_class_init_obj
                0x00000000080071fe       0x74 ./Drivers/lvgl/src/core/lv_obj_class.o
                0x00000000080071fe                lv_obj_class_init_obj
 .text.lv_obj_get_style_blend_mode
                0x0000000008007272        0xc ./Drivers/lvgl/src/core/lv_obj_draw.o
 .text.lv_obj_get_style_bg_color_filtered
                0x000000000800727e       0x18 ./Drivers/lvgl/src/core/lv_obj_draw.o
 .text.lv_obj_get_style_text_color_filtered
                0x0000000008007296       0x18 ./Drivers/lvgl/src/core/lv_obj_draw.o
 .text.lv_obj_init_draw_rect_dsc
                0x00000000080072ae      0x2b2 ./Drivers/lvgl/src/core/lv_obj_draw.o
                0x00000000080072ae                lv_obj_init_draw_rect_dsc
 .text.lv_obj_init_draw_label_dsc
                0x0000000008007560       0x9c ./Drivers/lvgl/src/core/lv_obj_draw.o
                0x0000000008007560                lv_obj_init_draw_label_dsc
 .text.lv_obj_init_draw_img_dsc
                0x00000000080075fc       0xa6 ./Drivers/lvgl/src/core/lv_obj_draw.o
                0x00000000080075fc                lv_obj_init_draw_img_dsc
 .text.lv_obj_init_draw_line_dsc
                0x00000000080076a2       0xb2 ./Drivers/lvgl/src/core/lv_obj_draw.o
                0x00000000080076a2                lv_obj_init_draw_line_dsc
 .text.lv_obj_init_draw_arc_dsc
                0x0000000008007754       0x9c ./Drivers/lvgl/src/core/lv_obj_draw.o
                0x0000000008007754                lv_obj_init_draw_arc_dsc
 .text.lv_obj_calculate_ext_draw_size
                0x00000000080077f0       0xce ./Drivers/lvgl/src/core/lv_obj_draw.o
                0x00000000080077f0                lv_obj_calculate_ext_draw_size
 .text.lv_obj_draw_dsc_init
                0x00000000080078be       0x10 ./Drivers/lvgl/src/core/lv_obj_draw.o
                0x00000000080078be                lv_obj_draw_dsc_init
 .text._lv_obj_get_ext_draw_size
                0x00000000080078ce        0xa ./Drivers/lvgl/src/core/lv_obj_draw.o
                0x00000000080078ce                _lv_obj_get_ext_draw_size
 .text.lv_obj_refresh_ext_draw_size
                0x00000000080078d8       0x5a ./Drivers/lvgl/src/core/lv_obj_draw.o
                0x00000000080078d8                lv_obj_refresh_ext_draw_size
 .text._lv_obj_get_layer_type
                0x0000000008007932        0xa ./Drivers/lvgl/src/core/lv_obj_draw.o
                0x0000000008007932                _lv_obj_get_layer_type
 .text.lv_obj_get_style_base_dir.constprop.0
                0x000000000800793c        0xe ./Drivers/lvgl/src/core/lv_obj_pos.o
 .text.lv_obj_get_style_border_width.constprop.0
                0x000000000800794a        0xe ./Drivers/lvgl/src/core/lv_obj_pos.o
 .text.lv_obj_get_style_pad_right.constprop.0
                0x0000000008007958        0xe ./Drivers/lvgl/src/core/lv_obj_pos.o
 .text.lv_obj_get_style_pad_left.constprop.0
                0x0000000008007966        0xe ./Drivers/lvgl/src/core/lv_obj_pos.o
 .text.lv_obj_get_style_pad_bottom.constprop.0
                0x0000000008007974        0xe ./Drivers/lvgl/src/core/lv_obj_pos.o
 .text.lv_obj_get_style_pad_top.constprop.0
                0x0000000008007982        0xe ./Drivers/lvgl/src/core/lv_obj_pos.o
 .text.transform_point
                0x0000000008007990      0x102 ./Drivers/lvgl/src/core/lv_obj_pos.o
 .text.lv_obj_set_x
                0x0000000008007a92       0x2e ./Drivers/lvgl/src/core/lv_obj_pos.o
                0x0000000008007a92                lv_obj_set_x
 .text.lv_obj_set_y
                0x0000000008007ac0       0x2e ./Drivers/lvgl/src/core/lv_obj_pos.o
                0x0000000008007ac0                lv_obj_set_y
 .text.lv_obj_set_pos
                0x0000000008007aee       0x16 ./Drivers/lvgl/src/core/lv_obj_pos.o
                0x0000000008007aee                lv_obj_set_pos
 .text.lv_obj_set_width
                0x0000000008007b04       0x2e ./Drivers/lvgl/src/core/lv_obj_pos.o
                0x0000000008007b04                lv_obj_set_width
 .text.lv_obj_set_height
                0x0000000008007b32       0x2e ./Drivers/lvgl/src/core/lv_obj_pos.o
                0x0000000008007b32                lv_obj_set_height
 .text.lv_obj_set_size
                0x0000000008007b60       0x16 ./Drivers/lvgl/src/core/lv_obj_pos.o
                0x0000000008007b60                lv_obj_set_size
 *fill*         0x0000000008007b76        0x2 
 .text.lv_obj_is_layout_positioned
                0x0000000008007b78       0x34 ./Drivers/lvgl/src/core/lv_obj_pos.o
                0x0000000008007b78                lv_obj_is_layout_positioned
 .text.lv_obj_mark_layout_as_dirty
                0x0000000008007bac       0x30 ./Drivers/lvgl/src/core/lv_obj_pos.o
                0x0000000008007bac                lv_obj_mark_layout_as_dirty
 .text.lv_obj_set_layout
                0x0000000008007bdc       0x16 ./Drivers/lvgl/src/core/lv_obj_pos.o
                0x0000000008007bdc                lv_obj_set_layout
 *fill*         0x0000000008007bf2        0x2 
 .text.lv_layout_register
                0x0000000008007bf4       0x3c ./Drivers/lvgl/src/core/lv_obj_pos.o
                0x0000000008007bf4                lv_layout_register
 .text.lv_obj_align
                0x0000000008007c30       0x1c ./Drivers/lvgl/src/core/lv_obj_pos.o
                0x0000000008007c30                lv_obj_align
 .text.lv_obj_get_coords
                0x0000000008007c4c       0x1a ./Drivers/lvgl/src/core/lv_obj_pos.o
                0x0000000008007c4c                lv_obj_get_coords
 .text.lv_obj_get_x
                0x0000000008007c66       0x38 ./Drivers/lvgl/src/core/lv_obj_pos.o
                0x0000000008007c66                lv_obj_get_x
 .text.lv_obj_get_y
                0x0000000008007c9e       0x38 ./Drivers/lvgl/src/core/lv_obj_pos.o
                0x0000000008007c9e                lv_obj_get_y
 .text.lv_obj_get_y2
                0x0000000008007cd6       0x16 ./Drivers/lvgl/src/core/lv_obj_pos.o
                0x0000000008007cd6                lv_obj_get_y2
 .text.lv_obj_get_width
                0x0000000008007cec        0xc ./Drivers/lvgl/src/core/lv_obj_pos.o
                0x0000000008007cec                lv_obj_get_width
 .text.lv_obj_get_height
                0x0000000008007cf8        0xc ./Drivers/lvgl/src/core/lv_obj_pos.o
                0x0000000008007cf8                lv_obj_get_height
 .text.lv_obj_get_content_width
                0x0000000008007d04       0x2c ./Drivers/lvgl/src/core/lv_obj_pos.o
                0x0000000008007d04                lv_obj_get_content_width
 .text.lv_obj_get_content_height
                0x0000000008007d30       0x2c ./Drivers/lvgl/src/core/lv_obj_pos.o
                0x0000000008007d30                lv_obj_get_content_height
 .text.lv_obj_get_content_coords
                0x0000000008007d5c       0x60 ./Drivers/lvgl/src/core/lv_obj_pos.o
                0x0000000008007d5c                lv_obj_get_content_coords
 .text.lv_obj_get_self_width
                0x0000000008007dbc       0x22 ./Drivers/lvgl/src/core/lv_obj_pos.o
                0x0000000008007dbc                lv_obj_get_self_width
 .text.lv_obj_get_self_height
                0x0000000008007dde       0x22 ./Drivers/lvgl/src/core/lv_obj_pos.o
                0x0000000008007dde                lv_obj_get_self_height
 .text.lv_obj_refresh_self_size
                0x0000000008007e00       0x34 ./Drivers/lvgl/src/core/lv_obj_pos.o
                0x0000000008007e00                lv_obj_refresh_self_size
 .text.lv_obj_move_children_by
                0x0000000008007e34       0x6c ./Drivers/lvgl/src/core/lv_obj_pos.o
                0x0000000008007e34                lv_obj_move_children_by
 .text.lv_obj_transform_point
                0x0000000008007ea0       0x5c ./Drivers/lvgl/src/core/lv_obj_pos.o
                0x0000000008007ea0                lv_obj_transform_point
 .text.lv_obj_get_transformed_area
                0x0000000008007efc       0xe8 ./Drivers/lvgl/src/core/lv_obj_pos.o
                0x0000000008007efc                lv_obj_get_transformed_area
 .text.lv_obj_area_is_visible
                0x0000000008007fe4       0xf2 ./Drivers/lvgl/src/core/lv_obj_pos.o
                0x0000000008007fe4                lv_obj_area_is_visible
 .text.lv_obj_invalidate_area
                0x00000000080080d6       0x42 ./Drivers/lvgl/src/core/lv_obj_pos.o
                0x00000000080080d6                lv_obj_invalidate_area
 .text.lv_obj_invalidate
                0x0000000008008118       0x3c ./Drivers/lvgl/src/core/lv_obj_pos.o
                0x0000000008008118                lv_obj_invalidate
 .text.lv_obj_move_to
                0x0000000008008154      0x132 ./Drivers/lvgl/src/core/lv_obj_pos.o
                0x0000000008008154                lv_obj_move_to
 *fill*         0x0000000008008286        0x2 
 .text.lv_obj_refr_pos
                0x0000000008008288      0x270 ./Drivers/lvgl/src/core/lv_obj_pos.o
                0x0000000008008288                lv_obj_refr_pos
 .text.lv_obj_is_visible
                0x00000000080084f8       0x3c ./Drivers/lvgl/src/core/lv_obj_pos.o
                0x00000000080084f8                lv_obj_is_visible
 .text.lv_obj_set_ext_click_area
                0x0000000008008534       0x10 ./Drivers/lvgl/src/core/lv_obj_pos.o
                0x0000000008008534                lv_obj_set_ext_click_area
 .text.lv_obj_get_click_area
                0x0000000008008544       0x32 ./Drivers/lvgl/src/core/lv_obj_pos.o
                0x0000000008008544                lv_obj_get_click_area
 .text.lv_obj_hit_test
                0x0000000008008576       0x62 ./Drivers/lvgl/src/core/lv_obj_pos.o
                0x0000000008008576                lv_obj_hit_test
 .text.lv_clamp_width
                0x00000000080085d8       0x64 ./Drivers/lvgl/src/core/lv_obj_pos.o
                0x00000000080085d8                lv_clamp_width
 .text.lv_obj_refr_size
                0x000000000800863c      0x560 ./Drivers/lvgl/src/core/lv_obj_pos.o
                0x000000000800863c                lv_obj_refr_size
 .text.layout_update_core
                0x0000000008008b9c       0x94 ./Drivers/lvgl/src/core/lv_obj_pos.o
 .text.lv_obj_update_layout
                0x0000000008008c30       0x34 ./Drivers/lvgl/src/core/lv_obj_pos.o
                0x0000000008008c30                lv_obj_update_layout
 .text.lv_obj_align_to
                0x0000000008008c64      0x3a4 ./Drivers/lvgl/src/core/lv_obj_pos.o
                0x0000000008008c64                lv_obj_align_to
 .text.lv_obj_get_style_base_dir
                0x0000000008009008        0xc ./Drivers/lvgl/src/core/lv_obj_scroll.o
 .text.scroll_anim_ready_cb
                0x0000000008009014        0xa ./Drivers/lvgl/src/core/lv_obj_scroll.o
 .text.lv_obj_set_scrollbar_mode
                0x000000000800901e       0x28 ./Drivers/lvgl/src/core/lv_obj_scroll.o
                0x000000000800901e                lv_obj_set_scrollbar_mode
 .text.lv_obj_set_scroll_dir
                0x0000000008009046       0x1e ./Drivers/lvgl/src/core/lv_obj_scroll.o
                0x0000000008009046                lv_obj_set_scroll_dir
 .text.lv_obj_set_scroll_snap_x
                0x0000000008009064       0x16 ./Drivers/lvgl/src/core/lv_obj_scroll.o
                0x0000000008009064                lv_obj_set_scroll_snap_x
 .text.lv_obj_set_scroll_snap_y
                0x000000000800907a       0x16 ./Drivers/lvgl/src/core/lv_obj_scroll.o
                0x000000000800907a                lv_obj_set_scroll_snap_y
 .text.lv_obj_get_scrollbar_mode
                0x0000000008009090       0x10 ./Drivers/lvgl/src/core/lv_obj_scroll.o
                0x0000000008009090                lv_obj_get_scrollbar_mode
 .text.lv_obj_get_scroll_dir
                0x00000000080090a0       0x10 ./Drivers/lvgl/src/core/lv_obj_scroll.o
                0x00000000080090a0                lv_obj_get_scroll_dir
 .text.lv_obj_get_scroll_snap_x
                0x00000000080090b0        0xc ./Drivers/lvgl/src/core/lv_obj_scroll.o
                0x00000000080090b0                lv_obj_get_scroll_snap_x
 .text.lv_obj_get_scroll_snap_y
                0x00000000080090bc        0xc ./Drivers/lvgl/src/core/lv_obj_scroll.o
                0x00000000080090bc                lv_obj_get_scroll_snap_y
 .text.lv_obj_get_scroll_x
                0x00000000080090c8        0xc ./Drivers/lvgl/src/core/lv_obj_scroll.o
                0x00000000080090c8                lv_obj_get_scroll_x
 .text.lv_obj_get_scroll_y
                0x00000000080090d4        0xc ./Drivers/lvgl/src/core/lv_obj_scroll.o
                0x00000000080090d4                lv_obj_get_scroll_y
 .text.lv_obj_get_scroll_top
                0x00000000080090e0        0x4 ./Drivers/lvgl/src/core/lv_obj_scroll.o
                0x00000000080090e0                lv_obj_get_scroll_top
 .text.lv_obj_get_scroll_bottom
                0x00000000080090e4       0xa8 ./Drivers/lvgl/src/core/lv_obj_scroll.o
                0x00000000080090e4                lv_obj_get_scroll_bottom
 .text.lv_obj_get_scroll_left
                0x000000000800918c       0xd4 ./Drivers/lvgl/src/core/lv_obj_scroll.o
                0x000000000800918c                lv_obj_get_scroll_left
 .text.lv_obj_get_scroll_right
                0x0000000008009260       0xbc ./Drivers/lvgl/src/core/lv_obj_scroll.o
                0x0000000008009260                lv_obj_get_scroll_right
 .text.lv_obj_get_scroll_end
                0x000000000800931c       0x44 ./Drivers/lvgl/src/core/lv_obj_scroll.o
                0x000000000800931c                lv_obj_get_scroll_end
 .text._lv_obj_scroll_by_raw
                0x0000000008009360       0x4a ./Drivers/lvgl/src/core/lv_obj_scroll.o
                0x0000000008009360                _lv_obj_scroll_by_raw
 .text.scroll_y_anim
                0x00000000080093aa       0x18 ./Drivers/lvgl/src/core/lv_obj_scroll.o
 .text.scroll_x_anim
                0x00000000080093c2       0x18 ./Drivers/lvgl/src/core/lv_obj_scroll.o
 *fill*         0x00000000080093da        0x2 
 .text.lv_obj_scroll_by
                0x00000000080093dc      0x11c ./Drivers/lvgl/src/core/lv_obj_scroll.o
                0x00000000080093dc                lv_obj_scroll_by
 .text.lv_obj_scroll_by_bounded